Archive member included to satisfy reference by file (symbol)

../StdPeriphDriver\libISP583.a(ISP583.o)
                              ./src/Main.o (FLASH_EEPROM_CMD)
c:/mounriver/mounriver_studio/toolchain/risc-v embedded gcc/bin/../lib/gcc/riscv-none-embed/8.2.0/rv32imac/ilp32\libgcc.a(_udivdi3.o)
                              ./src/Main.o (__udivdi3)
c:/mounriver/mounriver_studio/toolchain/risc-v embedded gcc/bin/../lib/gcc/riscv-none-embed/8.2.0/rv32imac/ilp32\libgcc.a(adddf3.o)
                              ./src/onewire.o (__adddf3)
c:/mounriver/mounriver_studio/toolchain/risc-v embedded gcc/bin/../lib/gcc/riscv-none-embed/8.2.0/rv32imac/ilp32\libgcc.a(divdf3.o)
                              ./src/onewire.o (__divdf3)
c:/mounriver/mounriver_studio/toolchain/risc-v embedded gcc/bin/../lib/gcc/riscv-none-embed/8.2.0/rv32imac/ilp32\libgcc.a(muldf3.o)
                              ./src/adc.o (__muldf3)
c:/mounriver/mounriver_studio/toolchain/risc-v embedded gcc/bin/../lib/gcc/riscv-none-embed/8.2.0/rv32imac/ilp32\libgcc.a(subdf3.o)
                              ./src/onewire.o (__subdf3)
c:/mounriver/mounriver_studio/toolchain/risc-v embedded gcc/bin/../lib/gcc/riscv-none-embed/8.2.0/rv32imac/ilp32\libgcc.a(floatsidf.o)
                              ./src/onewire.o (__floatsidf)
c:/mounriver/mounriver_studio/toolchain/risc-v embedded gcc/bin/../lib/gcc/riscv-none-embed/8.2.0/rv32imac/ilp32\libgcc.a(addsf3.o)
                              ./src/adc.o (__addsf3)
c:/mounriver/mounriver_studio/toolchain/risc-v embedded gcc/bin/../lib/gcc/riscv-none-embed/8.2.0/rv32imac/ilp32\libgcc.a(divsf3.o)
                              ./src/adc.o (__divsf3)
c:/mounriver/mounriver_studio/toolchain/risc-v embedded gcc/bin/../lib/gcc/riscv-none-embed/8.2.0/rv32imac/ilp32\libgcc.a(gesf2.o)
                              ./src/onewire.o (__gesf2)
c:/mounriver/mounriver_studio/toolchain/risc-v embedded gcc/bin/../lib/gcc/riscv-none-embed/8.2.0/rv32imac/ilp32\libgcc.a(lesf2.o)
                              ./src/onewire.o (__lesf2)
c:/mounriver/mounriver_studio/toolchain/risc-v embedded gcc/bin/../lib/gcc/riscv-none-embed/8.2.0/rv32imac/ilp32\libgcc.a(mulsf3.o)
                              ./src/adc.o (__mulsf3)
c:/mounriver/mounriver_studio/toolchain/risc-v embedded gcc/bin/../lib/gcc/riscv-none-embed/8.2.0/rv32imac/ilp32\libgcc.a(subsf3.o)
                              ./src/adc.o (__subsf3)
c:/mounriver/mounriver_studio/toolchain/risc-v embedded gcc/bin/../lib/gcc/riscv-none-embed/8.2.0/rv32imac/ilp32\libgcc.a(fixunssfsi.o)
                              ./src/adc.o (__fixunssfsi)
c:/mounriver/mounriver_studio/toolchain/risc-v embedded gcc/bin/../lib/gcc/riscv-none-embed/8.2.0/rv32imac/ilp32\libgcc.a(floatsisf.o)
                              ./src/adc.o (__floatsisf)
c:/mounriver/mounriver_studio/toolchain/risc-v embedded gcc/bin/../lib/gcc/riscv-none-embed/8.2.0/rv32imac/ilp32\libgcc.a(extendsfdf2.o)
                              ./src/adc.o (__extendsfdf2)
c:/mounriver/mounriver_studio/toolchain/risc-v embedded gcc/bin/../lib/gcc/riscv-none-embed/8.2.0/rv32imac/ilp32\libgcc.a(truncdfsf2.o)
                              ./src/adc.o (__truncdfsf2)
c:/mounriver/mounriver_studio/toolchain/risc-v embedded gcc/bin/../lib/gcc/riscv-none-embed/8.2.0/rv32imac/ilp32\libgcc.a(_clz.o)
                              c:/mounriver/mounriver_studio/toolchain/risc-v embedded gcc/bin/../lib/gcc/riscv-none-embed/8.2.0/rv32imac/ilp32\libgcc.a(_udivdi3.o) (__clz_tab)
c:/mounriver/mounriver_studio/toolchain/risc-v embedded gcc/bin/../lib/gcc/riscv-none-embed/8.2.0/rv32imac/ilp32\libgcc.a(_clzsi2.o)
                              c:/mounriver/mounriver_studio/toolchain/risc-v embedded gcc/bin/../lib/gcc/riscv-none-embed/8.2.0/rv32imac/ilp32\libgcc.a(adddf3.o) (__clzsi2)
c:/mounriver/mounriver_studio/toolchain/risc-v embedded gcc/bin/../lib/gcc/riscv-none-embed/8.2.0/../../../../riscv-none-embed/lib/rv32imac/ilp32\libg_nano.a(lib_a-locale.o)
                              ./src/utils/log.o (__locale_ctype_ptr)
c:/mounriver/mounriver_studio/toolchain/risc-v embedded gcc/bin/../lib/gcc/riscv-none-embed/8.2.0/../../../../riscv-none-embed/lib/rv32imac/ilp32\libg_nano.a(lib_a-malloc.o)
                              ./src/liblightmodbus-impl.o (free)
c:/mounriver/mounriver_studio/toolchain/risc-v embedded gcc/bin/../lib/gcc/riscv-none-embed/8.2.0/../../../../riscv-none-embed/lib/rv32imac/ilp32\libg_nano.a(lib_a-mbtowc_r.o)
                              c:/mounriver/mounriver_studio/toolchain/risc-v embedded gcc/bin/../lib/gcc/riscv-none-embed/8.2.0/../../../../riscv-none-embed/lib/rv32imac/ilp32\libg_nano.a(lib_a-locale.o) (__ascii_mbtowc)
c:/mounriver/mounriver_studio/toolchain/risc-v embedded gcc/bin/../lib/gcc/riscv-none-embed/8.2.0/../../../../riscv-none-embed/lib/rv32imac/ilp32\libg_nano.a(lib_a-memcmp.o)
                              ./src/configtool.o (memcmp)
[...]
Memory Configuration

Name             Origin             Length             Attributes
FLASH            0x0000000000000000 0x0000000000070000 xr
RAM              0x0000000020000000 0x0000000000008000 xrw
*default*        0x0000000000000000 0xffffffffffffffff

Linker script and memory map

LOAD ./src/utils/crc.o
LOAD ./src/utils/crc16.o
LOAD ./src/utils/log.o
LOAD ./src/utils/md5.o
LOAD ./src/modbus/coils.o
LOAD ./src/modbus/discrete_input.o
LOAD ./src/modbus/iregs.o
LOAD ./src/modbus/regs.o
LOAD ./src/Main.o
LOAD ./src/adc.o
LOAD ./src/appinfo.o
LOAD ./src/bmp.o
LOAD ./src/configtool.o
LOAD ./src/display.o
LOAD ./src/liblightmodbus-impl.o
LOAD ./src/modbus.o
LOAD ./src/oled.o
LOAD ./src/onewire.o
LOAD ./src/sensor.o
LOAD ./src/storage.o
LOAD ./src/uid.o
LOAD ./src/version.o
LOAD ./src/worktime.o
LOAD ./StdPeriphDriver/CH58x_adc.o
LOAD ./StdPeriphDriver/CH58x_clk.o
LOAD ./StdPeriphDriver/CH58x_flash.o
LOAD ./StdPeriphDriver/CH58x_gpio.o
LOAD ./StdPeriphDriver/CH58x_i2c.o
LOAD ./StdPeriphDriver/CH58x_pwr.o
LOAD ./StdPeriphDriver/CH58x_spi1.o
LOAD ./StdPeriphDriver/CH58x_sys.o
LOAD ./StdPeriphDriver/CH58x_timer0.o
LOAD ./StdPeriphDriver/CH58x_timer1.o
LOAD ./StdPeriphDriver/CH58x_timer2.o
LOAD ./StdPeriphDriver/CH58x_timer3.o
LOAD ./StdPeriphDriver/CH58x_uart0.o
LOAD ./StdPeriphDriver/CH58x_uart1.o
LOAD ./StdPeriphDriver/CH58x_uart2.o
LOAD ./StdPeriphDriver/CH58x_uart3.o
LOAD ./StdPeriphDriver/CH58x_usb2dev.o
LOAD ./StdPeriphDriver/CH58x_usb2hostBase.o
LOAD ./StdPeriphDriver/CH58x_usb2hostClass.o
LOAD ./Startup/startup_CH583.o
LOAD ./RVMSIS/core_riscv.o
LOAD ../StdPeriphDriver\libISP583.a
LOAD c:/mounriver/mounriver_studio/toolchain/risc-v embedded gcc/bin/../lib/gcc/riscv-none-embed/8.2.0/rv32imac/ilp32\libgcc.a
LOAD c:/mounriver/mounriver_studio/toolchain/risc-v embedded gcc/bin/../lib/gcc/riscv-none-embed/8.2.0/../../../../riscv-none-embed/lib/rv32imac/ilp32\libg_nano.a
LOAD c:/mounriver/mounriver_studio/toolchain/risc-v embedded gcc/bin/../lib/gcc/riscv-none-embed/8.2.0/../../../../riscv-none-embed/lib/rv32imac/ilp32\libc_nano.a
LOAD c:/mounriver/mounriver_studio/toolchain/risc-v embedded gcc/bin/../lib/gcc/riscv-none-embed/8.2.0/rv32imac/ilp32\libgcc.a
START GROUP
LOAD c:/mounriver/mounriver_studio/toolchain/risc-v embedded gcc/bin/../lib/gcc/riscv-none-embed/8.2.0/rv32imac/ilp32\libgcc.a
LOAD c:/mounriver/mounriver_studio/toolchain/risc-v embedded gcc/bin/../lib/gcc/riscv-none-embed/8.2.0/../../../../riscv-none-embed/lib/rv32imac/ilp32\libc_nano.a
LOAD c:/mounriver/mounriver_studio/toolchain/risc-v embedded gcc/bin/../lib/gcc/riscv-none-embed/8.2.0/../../../../riscv-none-embed/lib/rv32imac/ilp32\libnosys.a
END GROUP
START GROUP
LOAD c:/mounriver/mounriver_studio/toolchain/risc-v embedded gcc/bin/../lib/gcc/riscv-none-embed/8.2.0/rv32imac/ilp32\libgcc.a
LOAD c:/mounriver/mounriver_studio/toolchain/risc-v embedded gcc/bin/../lib/gcc/riscv-none-embed/8.2.0/../../../../riscv-none-embed/lib/rv32imac/ilp32\libc_nano.a
LOAD c:/mounriver/mounriver_studio/toolchain/risc-v embedded gcc/bin/../lib/gcc/riscv-none-embed/8.2.0/../../../../riscv-none-embed/lib/rv32imac/ilp32\libnosys.a
END GROUP

.init           0x0000000000000000        0x4
                0x0000000000000000                _sinit = .
                0x0000000000000000                . = ALIGN (0x4)
 *(SORT_NONE(.init))
 .init          0x0000000000000000        0x4 ./Startup/startup_CH583.o
                0x0000000000000000                _start
                0x0000000000000004                . = ALIGN (0x4)
                0x0000000000000004                _einit = .

.highcodelalign
                0x0000000000000004        0x0
                0x0000000000000004                . = ALIGN (0x4)
                0x0000000000000004                PROVIDE (_highcode_lma = .)

.highcode       0x0000000020000000      0x848 load address 0x0000000000000004
                0x0000000020000000                . = ALIGN (0x4)
                0x0000000020000000                PROVIDE (_highcode_vma_start = .)
 *(.vector)
 .vector        0x0000000020000000       0x90 ./Startup/startup_CH583.o
 *(SORT_NONE(.vector_handler))
 .vector_handler
                0x0000000020000090       0x36 ./Startup/startup_CH583.o
                0x0000000020000090                NMI_Handler
                0x0000000020000094                Ecall_M_Mode_Handler
                0x0000000020000096                Ecall_U_Mode_Handler
                0x0000000020000098                Break_Point_Handler
                0x000000002000009c                SW_Handler
                0x00000000200000a0                GPIOA_IRQHandler
                0x00000000200000a2                GPIOB_IRQHandler
                0x00000000200000a4                SPI0_IRQHandler
                0x00000000200000a6                BB_IRQHandler
                0x00000000200000a8                LLE_IRQHandler
                0x00000000200000aa                USB_IRQHandler
                0x00000000200000ac                USB2_IRQHandler
                0x00000000200000b0                TMR2_IRQHandler
                0x00000000200000b2                UART0_IRQHandler
                0x00000000200000b4                UART1_IRQHandler
                0x00000000200000b6                RTC_IRQHandler
                0x00000000200000b8                ADC_IRQHandler
                0x00000000200000ba                I2C_IRQHandler
                0x00000000200000bc                PWMX_IRQHandler
                0x00000000200000be                TMR3_IRQHandler
                0x00000000200000c0                UART2_IRQHandler
                0x00000000200000c4                WDOG_BAT_IRQHandler
 *(.highcode)
 .highcode      0x00000000200000c6      0x10a ./src/modbus.o
                0x00000000200000c6                TMR0_IRQHandler
                0x0000000020000168                UART3_IRQHandler
 .highcode      0x00000000200001d0       0x28 ./src/onewire.o
                0x00000000200001d0                TMR1_IRQHandler
 .highcode      0x00000000200001f8       0x22 ./src/worktime.o
                0x00000000200001f8                SysTick_Handler
 .highcode      0x000000002000021a      0x206 ./StdPeriphDriver/CH58x_sys.o
                0x000000002000021a                SetSysClock
                0x0000000020000374                SYS_ResetExecute
                0x00000000200003b0                HardFault_Handler
                0x00000000200003ea                mDelayuS
                0x00000000200003f8                mDelaymS
 .highcode      0x0000000020000420      0x426 ../StdPeriphDriver\libISP583.a(ISP583.o)
                0x0000000020000420                FLASH_ROM_BEG
                0x0000000020000432                FLASH_ROM_END
                0x0000000020000440                FLASH_ROM_IN
                0x000000002000044e                FLASH_ROM_OUT
                0x000000002000045c                FLASH_ROM_ADDR
                0x00000000200004a4                FLASH_ROM_WAIT
                0x00000000200004dc                FLASH_EEPROM_CMD
 *(.highcode.*)
                0x0000000020000848                . = ALIGN (0x4)
 *fill*         0x0000000020000846        0x2 
                0x0000000020000848                PROVIDE (_highcode_vma_end = .)

.text           0x0000000000000850     0xe938
                0x0000000000000850                . = ALIGN (0x4)
 *(SORT_NONE(.handle_reset))
 .handle_reset  0x0000000000000850       0xaa ./Startup/startup_CH583.o
                0x0000000000000850                handle_reset
 *(.text)
 .text          0x00000000000008fa       0xa8 c:/mounriver/mounriver_studio/toolchain/risc-v embedded gcc/bin/../lib/gcc/riscv-none-embed/8.2.0/../../../../riscv-none-embed/lib/rv32imac/ilp32\libg_nano.a(lib_a-memset.o)
                0x00000000000008fa                memset
 *(.text.*)
 .text.reflected_data
                0x00000000000009a2       0xbc ./src/utils/crc.o
                0x00000000000009a2                reflected_data
 .text.check_crc4
                0x0000000000000a5e       0x98 ./src/utils/crc.o
                0x0000000000000a5e                check_crc4
 .text.check_crc5
                0x0000000000000af6       0x98 ./src/utils/crc.o
                0x0000000000000af6                check_crc5
 .text.check_crc6
                0x0000000000000b8e       0x98 ./src/utils/crc.o
                0x0000000000000b8e                check_crc6
 .text.check_crc7
                0x0000000000000c26       0x98 ./src/utils/crc.o
                0x0000000000000c26                check_crc7
 .text.check_crc8
                0x0000000000000cbe       0x76 ./src/utils/crc.o
                0x0000000000000cbe                check_crc8
 .text.check_crc16
                0x0000000000000d34       0x7c ./src/utils/crc.o
                0x0000000000000d34                check_crc16
 .text.check_crc32
                0x0000000000000db0       0x6e ./src/utils/crc.o
                0x0000000000000db0                check_crc32
 .text.crc_check
                0x0000000000000e1e       0xe6 ./src/utils/crc.o
                0x0000000000000e1e                crc_check
 .text.log_buffer_hex
                0x0000000000000f04       0xd6 ./src/utils/log.o
                0x0000000000000f04                log_buffer_hex
 .text.modbus_coil_callback
                0x0000000000000fda       0x62 ./src/modbus/coils.o
                0x0000000000000fda                modbus_coil_callback
 .text.mb_di_init
                0x000000000000103c       0x16 ./src/modbus/discrete_input.o
                0x000000000000103c                mb_di_init
 .text.modbus_di_update
                0x0000000000001052       0x4e ./src/modbus/discrete_input.o
                0x0000000000001052                modbus_di_update
 .text.modbus_di_callback
                0x00000000000010a0       0x9c ./src/modbus/discrete_input.o
                0x00000000000010a0                modbus_di_callback
 .text.modbus_ireg_update
                0x000000000000113c       0x14 ./src/modbus/iregs.o
                0x000000000000113c                modbus_ireg_update
 .text.modbus_ireg_callback
                0x0000000000001150       0x40 ./src/modbus/iregs.o
                0x0000000000001150                modbus_ireg_callback
 .text.modbus_iregs_init
                0x0000000000001190        0xa ./src/modbus/iregs.o
                0x0000000000001190                modbus_iregs_init
 .text.modbus_reg_update
                0x000000000000119a       0x38 ./src/modbus/regs.o
                0x000000000000119a                modbus_reg_update
 .text.modbus_reg_get
                0x00000000000011d2       0x42 ./src/modbus/regs.o
                0x00000000000011d2                modbus_reg_get
 .text.modbus_reg_callback
                0x0000000000001214      0x154 ./src/modbus/regs.o
                0x0000000000001214                modbus_reg_callback
 .text.modbus_reg_update_uid
                0x0000000000001368       0x24 ./src/modbus/regs.o
                0x0000000000001368                modbus_reg_update_uid
 .text.modbus_regs_init
                0x000000000000138c       0x36 ./src/modbus/regs.o
                0x000000000000138c                modbus_regs_init
 .text.uuid_dump
                0x00000000000013c2       0x68 ./src/Main.o
                0x00000000000013c2                uuid_dump
 .text.reset_dump
                0x000000000000142a       0xa6 ./src/Main.o
                0x000000000000142a                reset_dump
 .text.startup.main
                0x00000000000014d0       0xea ./src/Main.o
                0x00000000000014d0                main
 .text.adc_init
                0x00000000000015ba       0x1a ./src/adc.o
                0x00000000000015ba                adc_init
 .text.adc_convert_caclute
                0x00000000000015d4      0x304 ./src/adc.o
                0x00000000000015d4                adc_convert_caclute
 .text.appinfo_get
                0x00000000000018d8        0x6 ./src/appinfo.o
                0x00000000000018d8                appinfo_get
 .text.cfg_save_item
                0x00000000000018de       0xd0 ./src/configtool.o
 .text.cfg_get_mb_uart
                0x00000000000019ae       0x42 ./src/configtool.o
                0x00000000000019ae                cfg_get_mb_uart
 .text.cfg_update_mb_uart
                0x00000000000019f0       0x64 ./src/configtool.o
                0x00000000000019f0                cfg_update_mb_uart
 .text.cfg_get_mb_addr
                0x0000000000001a54       0x40 ./src/configtool.o
                0x0000000000001a54                cfg_get_mb_addr
 .text.cfg_init
                0x0000000000001a94       0xe6 ./src/configtool.o
                0x0000000000001a94                cfg_init
 .text.display_init
                0x0000000000001b7a       0x20 ./src/display.o
                0x0000000000001b7a                display_init
 .text.modbusBufferInit
                0x0000000000001b9a       0x12 ./src/liblightmodbus-impl.o
                0x0000000000001b9a                modbusBufferInit
 .text.modbusBufferAllocateADU
                0x0000000000001bac       0x50 ./src/liblightmodbus-impl.o
                0x0000000000001bac                modbusBufferAllocateADU
 .text.modbusBufferFree
                0x0000000000001bfc        0x6 ./src/liblightmodbus-impl.o
                0x0000000000001bfc                modbusBufferFree
 .text.modbusSlaveAllocateResponse
                0x0000000000001c02        0x6 ./src/liblightmodbus-impl.o
 .text.modbusCRC
                0x0000000000001c08       0x40 ./src/liblightmodbus-impl.o
                0x0000000000001c08                modbusCRC
 .text.modbusSlaveInit
                0x0000000000001c48       0x14 ./src/liblightmodbus-impl.o
                0x0000000000001c48                modbusSlaveInit
 .text.modbusSlaveDestroy
                0x0000000000001c5c        0x6 ./src/liblightmodbus-impl.o
                0x0000000000001c5c                modbusSlaveDestroy
 .text.modbusBuildException
                0x0000000000001c62       0x44 ./src/liblightmodbus-impl.o
                0x0000000000001c62                modbusBuildException
 .text.modbusParseRequest01020304
                0x0000000000001ca6      0x1cc ./src/liblightmodbus-impl.o
                0x0000000000001ca6                modbusParseRequest01020304
 .text.modbusParseRequest0506
                0x0000000000001e72      0x11a ./src/liblightmodbus-impl.o
                0x0000000000001e72                modbusParseRequest0506
 .text.modbusParseRequest1516
                0x0000000000001f8c      0x1d0 ./src/liblightmodbus-impl.o
                0x0000000000001f8c                modbusParseRequest1516
 .text.modbusParseRequest22
                0x000000000000215c      0x15e ./src/liblightmodbus-impl.o
                0x000000000000215c                modbusParseRequest22
 .text.modbusParseRequest
                0x00000000000022ba       0x38 ./src/liblightmodbus-impl.o
                0x00000000000022ba                modbusParseRequest
 .text.modbusParseRequestRTU
                0x00000000000022f2       0xf0 ./src/liblightmodbus-impl.o
                0x00000000000022f2                modbusParseRequestRTU
 .text.modbusErrorStr
                0x00000000000023e2       0x20 ./src/liblightmodbus-impl.o
                0x00000000000023e2                modbusErrorStr
 .text.modbus_slave_allocator
                0x0000000000002402       0x22 ./src/modbus.o
 .text.register_callback
                0x0000000000002424       0x38 ./src/modbus.o
                0x0000000000002424                register_callback
 .text.modbus_t05_cnt
                0x000000000000245c       0x42 ./src/modbus.o
 .text.slave_recv
                0x000000000000249e       0xa6 ./src/modbus.o
                0x000000000000249e                slave_recv
 .text.modbus_slave_uart_init
                0x0000000000002544       0x56 ./src/modbus.o
                0x0000000000002544                modbus_slave_uart_init
 .text.modbus_slave_uart_send
                0x000000000000259a       0x72 ./src/modbus.o
                0x000000000000259a                modbus_slave_uart_send
 .text.modbus_slave_init
                0x000000000000260c       0xd0 ./src/modbus.o
                0x000000000000260c                modbus_slave_init
 .text.modbus_sa_ctrl
                0x00000000000026dc       0x26 ./src/modbus.o
                0x00000000000026dc                modbus_sa_ctrl
 .text.modbus_init
                0x0000000000002702       0x62 ./src/modbus.o
                0x0000000000002702                modbus_init
 .text.modbus_frame_check
                0x0000000000002764       0xc6 ./src/modbus.o
                0x0000000000002764                modbus_frame_check
 .text.modbus_run
                0x000000000000282a       0x36 ./src/modbus.o
                0x000000000000282a                modbus_run
 .text.OLED_WR_Byte
                0x0000000000002860       0x84 ./src/oled.o
                0x0000000000002860                OLED_WR_Byte
 .text.OLED_DisPlay_On
                0x00000000000028e4       0x1e ./src/oled.o
                0x00000000000028e4                OLED_DisPlay_On
 .text.OLED_Refresh
                0x0000000000002902       0x74 ./src/oled.o
                0x0000000000002902                OLED_Refresh
 .text.OLED_Clear
                0x0000000000002976       0x30 ./src/oled.o
                0x0000000000002976                OLED_Clear
 .text.OLED_DrawPoint
                0x00000000000029a6       0x4a ./src/oled.o
                0x00000000000029a6                OLED_DrawPoint
 .text.OLED_ShowChar
                0x00000000000029f0      0x14c ./src/oled.o
                0x00000000000029f0                OLED_ShowChar
 .text.OLED_ShowString
                0x0000000000002b3c       0x8e ./src/oled.o
                0x0000000000002b3c                OLED_ShowString
 .text.OLED_ShowNum
                0x0000000000002bca       0x98 ./src/oled.o
                0x0000000000002bca                OLED_ShowNum
 .text.OLED_ShowChinese
                0x0000000000002c62      0x13a ./src/oled.o
                0x0000000000002c62                OLED_ShowChinese
 .text.OLED_io_init
                0x0000000000002d9c       0x64 ./src/oled.o
                0x0000000000002d9c                OLED_io_init
 .text.OLED_Init
                0x0000000000002e00      0x156 ./src/oled.o
                0x0000000000002e00                OLED_Init
 .text.oled_seneor_flag
                0x0000000000002f56       0xbe ./src/oled.o
                0x0000000000002f56                oled_seneor_flag
 .text.ow_delay_us
                0x0000000000003014       0x46 ./src/onewire.o
 .text.check_ack
                0x000000000000305a       0x7e ./src/onewire.o
                0x000000000000305a                check_ack
 .text.onewire_reset
                0x00000000000030d8       0x40 ./src/onewire.o
                0x00000000000030d8                onewire_reset
 .text.onewire_resetcheck
                0x0000000000003118       0x30 ./src/onewire.o
                0x0000000000003118                onewire_resetcheck
 .text.onewire_init
                0x0000000000003148       0x44 ./src/onewire.o
                0x0000000000003148                onewire_init
 .text.onewire_writebit
                0x000000000000318c       0x5e ./src/onewire.o
                0x000000000000318c                onewire_writebit
 .text.onewire_writebyte
                0x00000000000031ea       0x26 ./src/onewire.o
                0x00000000000031ea                onewire_writebyte
 .text.onewire_readbit
                0x0000000000003210       0x74 ./src/onewire.o
                0x0000000000003210                onewire_readbit
 .text.onewire_read
                0x0000000000003284       0x2e ./src/onewire.o
                0x0000000000003284                onewire_read
 .text.onewire_read2bits
                0x00000000000032b2       0x20 ./src/onewire.o
                0x00000000000032b2                onewire_read2bits
 .text.cfbcfgtocaprange
                0x00000000000032d2       0x64 ./src/onewire.o
                0x00000000000032d2                cfbcfgtocaprange
 .text.coscfgtocapoffset
                0x0000000000003336       0x46 ./src/onewire.o
                0x0000000000003336                coscfgtocapoffset
 .text.captocoscfg
                0x000000000000337c       0x66 ./src/onewire.o
                0x000000000000337c                captocoscfg
 .text.caprangetocfbcfg
                0x00000000000033e2       0x8c ./src/onewire.o
                0x00000000000033e2                caprangetocfbcfg
 .text.mdc02_outputtocap
                0x000000000000346e       0x7a ./src/onewire.o
                0x000000000000346e                mdc02_outputtocap
 .text.onewire_crc8
                0x00000000000034e8       0x36 ./src/onewire.o
                0x00000000000034e8                onewire_crc8
 .text.Search_ROM
                0x000000000000351e      0x13e ./src/onewire.o
                0x000000000000351e                Search_ROM
 .text.onewire_find_alldevice
                0x000000000000365c       0x94 ./src/onewire.o
                0x000000000000365c                onewire_find_alldevice
 .text.send_matchrom
                0x00000000000036f0       0x4c ./src/onewire.o
                0x00000000000036f0                send_matchrom
 .text.mdc02_writeparameters_skiprom
                0x000000000000373c       0x38 ./src/onewire.o
                0x000000000000373c                mdc02_writeparameters_skiprom
 .text.mdc02_readparameters_skiprom
                0x0000000000003774       0x38 ./src/onewire.o
                0x0000000000003774                mdc02_readparameters_skiprom
 .text.readcfbconfig
                0x00000000000037ac       0x42 ./src/onewire.o
                0x00000000000037ac                readcfbconfig
 .text.getcfg_caprange
                0x00000000000037ee       0x20 ./src/onewire.o
                0x00000000000037ee                getcfg_caprange
 .text.readcosconfig
                0x000000000000380e       0x54 ./src/onewire.o
                0x000000000000380e                readcosconfig
 .text.getcfg_capoffset
                0x0000000000003862       0x20 ./src/onewire.o
                0x0000000000003862                getcfg_capoffset
 .text.readcapconfigure
                0x0000000000003882       0x20 ./src/onewire.o
                0x0000000000003882                readcapconfigure
 .text.setcapchannel
                0x00000000000038a2       0x50 ./src/onewire.o
                0x00000000000038a2                setcapchannel
 .text.writecosconfig
                0x00000000000038f2       0x5e ./src/onewire.o
                0x00000000000038f2                writecosconfig
 .text.mdc02_capconfigureoffset
                0x0000000000003950       0x44 ./src/onewire.o
                0x0000000000003950                mdc02_capconfigureoffset
 .text.writecfbconfig
                0x0000000000003994       0x54 ./src/onewire.o
                0x0000000000003994                writecfbconfig
 .text.mdc02_capconfigurefs
                0x00000000000039e8       0x32 ./src/onewire.o
                0x00000000000039e8                mdc02_capconfigurefs
 .text.mdc02_capconfigurerange
                0x0000000000003a1a       0x4a ./src/onewire.o
                0x0000000000003a1a                mdc02_capconfigurerange
 .text.mdc02_writescratchpad_skiprom
                0x0000000000003a64       0x3a ./src/onewire.o
                0x0000000000003a64                mdc02_writescratchpad_skiprom
 .text.convertcap
                0x0000000000003a9e       0x1e ./src/onewire.o
                0x0000000000003a9e                convertcap
 .text.converttemp
                0x0000000000003abc       0x1e ./src/onewire.o
                0x0000000000003abc                converttemp
 .text.convert_tempcap1
                0x0000000000003ada       0x1c ./src/onewire.o
                0x0000000000003ada                convert_tempcap1
 .text.mdc02_readscratchpad_skiprom
                0x0000000000003af6       0x3a ./src/onewire.o
                0x0000000000003af6                mdc02_readscratchpad_skiprom
 .text.readstatusconfig
                0x0000000000003b30       0x4e ./src/onewire.o
                0x0000000000003b30                readstatusconfig
 .text.setconfig
                0x0000000000003b7e       0x5c ./src/onewire.o
                0x0000000000003b7e                setconfig
 .text.readtempcap1
                0x0000000000003bda       0x5e ./src/onewire.o
                0x0000000000003bda                readtempcap1
 .text.mdc02_readc2c3c4_skiprom
                0x0000000000003c38       0x3a ./src/onewire.o
                0x0000000000003c38                mdc02_readc2c3c4_skiprom
 .text.readcapc2c3c4
                0x0000000000003c72       0x3a ./src/onewire.o
                0x0000000000003c72                readcapc2c3c4
 .text.romid_crc
                0x0000000000003cac       0x9a ./src/onewire.o
                0x0000000000003cac                romid_crc
 .text.read_tempwaiting
                0x0000000000003d46       0x48 ./src/onewire.o
                0x0000000000003d46                read_tempwaiting
 .text.read_temp
                0x0000000000003d8e       0x90 ./src/onewire.o
                0x0000000000003d8e                read_temp
 .text.mdc02_range
                0x0000000000003e1e       0x96 ./src/onewire.o
                0x0000000000003e1e                mdc02_range
 .text.read_sampling_mode
                0x0000000000003eb4       0x2a ./src/onewire.o
                0x0000000000003eb4                read_sampling_mode
 .text.dev_type_choose_function
                0x0000000000003ede      0x266 ./src/onewire.o
                0x0000000000003ede                dev_type_choose_function
 .text.mb_reg_after_write
                0x0000000000004144       0xbc ./src/sensor.o
 .text.mb_init  0x0000000000004200       0x76 ./src/sensor.o
                0x0000000000004200                mb_init
 .text.sensor_init
                0x0000000000004276       0x28 ./src/sensor.o
                0x0000000000004276                sensor_init
 .text.sensor_run
                0x000000000000429e       0x4e ./src/sensor.o
                0x000000000000429e                sensor_run
 .text.st_page_status_str
                0x00000000000042ec       0x4e ./src/storage.o
 .text.st_item_verify
                0x000000000000433a       0x3a ./src/storage.o
 .text.st_page_read
                0x0000000000004374       0x72 ./src/storage.o
 .text.st_page_erase
                0x00000000000043e6       0x96 ./src/storage.o
 .text.st_page_status_update.constprop.12
                0x000000000000447c       0xde ./src/storage.o
 .text.st_page_get_freesize.constprop.13
                0x000000000000455a       0x4a ./src/storage.o
 .text.st_first_page.constprop.11
                0x00000000000045a4       0x3c ./src/storage.o
 .text.st_page_write
                0x00000000000045e0       0x88 ./src/storage.o
 .text.st_page_write_item.constprop.10
                0x0000000000004668      0x150 ./src/storage.o
 .text.st_delete_item_with_loc
                0x00000000000047b8      0x180 ./src/storage.o
                0x00000000000047b8                st_delete_item_with_loc
 .text.st_find_item
                0x0000000000004938      0x274 ./src/storage.o
 .text.st_init  0x0000000000004bac      0x37e ./src/storage.o
                0x0000000000004bac                st_init
 .text.st_write_item
                0x0000000000004f2a      0x434 ./src/storage.o
                0x0000000000004f2a                st_write_item
 .text.st_read_item
                0x000000000000535e       0x82 ./src/storage.o
                0x000000000000535e                st_read_item
 .text.get_uid  0x00000000000053e0       0x32 ./src/uid.o
                0x00000000000053e0                get_uid
 .text.worktime_init
                0x0000000000005412       0x3a ./src/worktime.o
                0x0000000000005412                worktime_init
 .text.worktime_get
                0x000000000000544c        0xa ./src/worktime.o
                0x000000000000544c                worktime_get
 .text.worktime_since
                0x0000000000005456       0x18 ./src/worktime.o
                0x0000000000005456                worktime_since
 .text.ADC_DataCalib_Rough
                0x000000000000546e       0x92 ./StdPeriphDriver/CH58x_adc.o
                0x000000000000546e                ADC_DataCalib_Rough
 .text.ADC_ExtSingleChSampInit
                0x0000000000005500       0x24 ./StdPeriphDriver/CH58x_adc.o
                0x0000000000005500                ADC_ExtSingleChSampInit
 .text.ADC_ExcutSingleConver
                0x0000000000005524       0x20 ./StdPeriphDriver/CH58x_adc.o
                0x0000000000005524                ADC_ExcutSingleConver
 .text.GPIOA_ModeCfg
                0x0000000000005544       0xa6 ./StdPeriphDriver/CH58x_gpio.o
                0x0000000000005544                GPIOA_ModeCfg
 .text.GPIOB_ModeCfg
                0x00000000000055ea       0xa6 ./StdPeriphDriver/CH58x_gpio.o
                0x00000000000055ea                GPIOB_ModeCfg
 .text.GetSysClock
                0x0000000000005690       0x42 ./StdPeriphDriver/CH58x_sys.o
                0x0000000000005690                GetSysClock
 .text._write   0x00000000000056d2       0x28 ./StdPeriphDriver/CH58x_sys.o
                0x00000000000056d2                _write
 .text.TMR0_TimerInit
                0x00000000000056fa       0x14 ./StdPeriphDriver/CH58x_timer0.o
                0x00000000000056fa                TMR0_TimerInit
 .text.TMR1_TimerInit
                0x000000000000570e       0x16 ./StdPeriphDriver/CH58x_timer1.o
                0x000000000000570e                TMR1_TimerInit
 .text.UART1_BaudRateCfg
                0x0000000000005724       0x32 ./StdPeriphDriver/CH58x_uart1.o
                0x0000000000005724                UART1_BaudRateCfg
 .text.UART1_DefInit
                0x0000000000005756       0x34 ./StdPeriphDriver/CH58x_uart1.o
                0x0000000000005756                UART1_DefInit
 .text.UART3_BaudRateCfg
                0x000000000000578a       0x32 ./StdPeriphDriver/CH58x_uart3.o
                0x000000000000578a                UART3_BaudRateCfg
 .text.UART3_DefInit
                0x00000000000057bc       0x34 ./StdPeriphDriver/CH58x_uart3.o
                0x00000000000057bc                UART3_DefInit
 .text.UART3_ByteTrigCfg
                0x00000000000057f0       0x1a ./StdPeriphDriver/CH58x_uart3.o
                0x00000000000057f0                UART3_ByteTrigCfg
 .text.UART3_INTCfg
                0x000000000000580a       0x2a ./StdPeriphDriver/CH58x_uart3.o
                0x000000000000580a                UART3_INTCfg
 .text.UART3_SendString
                0x0000000000005834       0x28 ./StdPeriphDriver/CH58x_uart3.o
                0x0000000000005834                UART3_SendString
 .text.__udivdi3
                0x000000000000585c      0x398 c:/mounriver/mounriver_studio/toolchain/risc-v embedded gcc/bin/../lib/gcc/riscv-none-embed/8.2.0/rv32imac/ilp32\libgcc.a(_udivdi3.o)
                0x000000000000585c                __udivdi3
 .text.__adddf3
                0x0000000000005bf4      0x730 c:/mounriver/mounriver_studio/toolchain/risc-v embedded gcc/bin/../lib/gcc/riscv-none-embed/8.2.0/rv32imac/ilp32\libgcc.a(adddf3.o)
                0x0000000000005bf4                __adddf3
 .text.__divdf3
                0x0000000000006324      0x5b4 c:/mounriver/mounriver_studio/toolchain/risc-v embedded gcc/bin/../lib/gcc/riscv-none-embed/8.2.0/rv32imac/ilp32\libgcc.a(divdf3.o)
                0x0000000000006324                __divdf3
 .text.__muldf3
                0x00000000000068d8      0x4b8 c:/mounriver/mounriver_studio/toolchain/risc-v embedded gcc/bin/../lib/gcc/riscv-none-embed/8.2.0/rv32imac/ilp32\libgcc.a(muldf3.o)
                0x00000000000068d8                __muldf3
 .text.__subdf3
                0x0000000000006d90      0x73e c:/mounriver/mounriver_studio/toolchain/risc-v embedded gcc/bin/../lib/gcc/riscv-none-embed/8.2.0/rv32imac/ilp32\libgcc.a(subdf3.o)
                0x0000000000006d90                __subdf3
 .text.__floatsidf
                0x00000000000074ce       0x72 c:/mounriver/mounriver_studio/toolchain/risc-v embedded gcc/bin/../lib/gcc/riscv-none-embed/8.2.0/rv32imac/ilp32\libgcc.a(floatsidf.o)
                0x00000000000074ce                __floatsidf
 .text.__addsf3
                0x0000000000007540      0x36a c:/mounriver/mounriver_studio/toolchain/risc-v embedded gcc/bin/../lib/gcc/riscv-none-embed/8.2.0/rv32imac/ilp32\libgcc.a(addsf3.o)
                0x0000000000007540                __addsf3
 .text.__divsf3
                0x00000000000078aa      0x2b2 c:/mounriver/mounriver_studio/toolchain/risc-v embedded gcc/bin/../lib/gcc/riscv-none-embed/8.2.0/rv32imac/ilp32\libgcc.a(divsf3.o)
                0x00000000000078aa                __divsf3
 .text.__gesf2  0x0000000000007b5c       0x86 c:/mounriver/mounriver_studio/toolchain/risc-v embedded gcc/bin/../lib/gcc/riscv-none-embed/8.2.0/rv32imac/ilp32\libgcc.a(gesf2.o)
                0x0000000000007b5c                __gesf2
                0x0000000000007b5c                __gtsf2
 .text.__lesf2  0x0000000000007be2       0x8c c:/mounriver/mounriver_studio/toolchain/risc-v embedded gcc/bin/../lib/gcc/riscv-none-embed/8.2.0/rv32imac/ilp32\libgcc.a(lesf2.o)
                0x0000000000007be2                __ltsf2
                0x0000000000007be2                __lesf2
 .text.__mulsf3
                0x0000000000007c6e      0x294 c:/mounriver/mounriver_studio/toolchain/risc-v embedded gcc/bin/../lib/gcc/riscv-none-embed/8.2.0/rv32imac/ilp32\libgcc.a(mulsf3.o)
                0x0000000000007c6e                __mulsf3
 .text.__subsf3
                0x0000000000007f02      0x388 c:/mounriver/mounriver_studio/toolchain/risc-v embedded gcc/bin/../lib/gcc/riscv-none-embed/8.2.0/rv32imac/ilp32\libgcc.a(subsf3.o)
                0x0000000000007f02                __subsf3
 .text.__fixunssfsi
                0x000000000000828a       0x56 c:/mounriver/mounriver_studio/toolchain/risc-v embedded gcc/bin/../lib/gcc/riscv-none-embed/8.2.0/rv32imac/ilp32\libgcc.a(fixunssfsi.o)
                0x000000000000828a                __fixunssfsi
 .text.__floatsisf
                0x00000000000082e0       0xc6 c:/mounriver/mounriver_studio/toolchain/risc-v embedded gcc/bin/../lib/gcc/riscv-none-embed/8.2.0/rv32imac/ilp32\libgcc.a(floatsisf.o)
                0x00000000000082e0                __floatsisf
 .text.__extendsfdf2
                0x00000000000083a6       0xac c:/mounriver/mounriver_studio/toolchain/risc-v embedded gcc/bin/../lib/gcc/riscv-none-embed/8.2.0/rv32imac/ilp32\libgcc.a(extendsfdf2.o)
                0x00000000000083a6                __extendsfdf2
 .text.__truncdfsf2
                0x0000000000008452      0x16a c:/mounriver/mounriver_studio/toolchain/risc-v embedded gcc/bin/../lib/gcc/riscv-none-embed/8.2.0/rv32imac/ilp32\libgcc.a(truncdfsf2.o)
                0x0000000000008452                __truncdfsf2
 .text.__clzsi2
                0x00000000000085bc       0x76 c:/mounriver/mounriver_studio/toolchain/risc-v embedded gcc/bin/../lib/gcc/riscv-none-embed/8.2.0/rv32imac/ilp32\libgcc.a(_clzsi2.o)
                0x00000000000085bc                __clzsi2
 .text.malloc   0x0000000000008632        0xa c:/mounriver/mounriver_studio/toolchain/risc-v embedded gcc/bin/../lib/gcc/riscv-none-embed/8.2.0/../../../../riscv-none-embed/lib/rv32imac/ilp32\libg_nano.a(lib_a-malloc.o)
                0x0000000000008632                malloc
 .text.__ascii_mbtowc
                0x000000000000863c       0x3a c:/mounriver/mounriver_studio/toolchain/risc-v embedded gcc/bin/../lib/gcc/riscv-none-embed/8.2.0/../../../../riscv-none-embed/lib/rv32imac/ilp32\libg_nano.a(lib_a-mbtowc_r.o)
                0x000000000000863c                __ascii_mbtowc
 .text.memcmp   0x0000000000008676       0x26 c:/mounriver/mounriver_studio/toolchain/risc-v embedded gcc/bin/../lib/gcc/riscv-none-embed/8.2.0/../../../../riscv-none-embed/lib/rv32imac/ilp32\libg_nano.a(lib_a-memcmp.o)
                0x0000000000008676                memcmp
 .text.memcpy   0x000000000000869c       0xb6 c:/mounriver/mounriver_studio/toolchain/risc-v embedded gcc/bin/../lib/gcc/riscv-none-embed/8.2.0/../../../../riscv-none-embed/lib/rv32imac/ilp32\libg_nano.a(lib_a-memcpy.o)
                0x000000000000869c                memcpy
 .text._free_r  0x0000000000008752       0xa8 c:/mounriver/mounriver_studio/toolchain/risc-v embedded gcc/bin/../lib/gcc/riscv-none-embed/8.2.0/../../../../riscv-none-embed/lib/rv32imac/ilp32\libg_nano.a(lib_a-nano-freer.o)
                0x0000000000008752                _free_r
 .text._malloc_r
                0x00000000000087fa       0xda c:/mounriver/mounriver_studio/toolchain/risc-v embedded gcc/bin/../lib/gcc/riscv-none-embed/8.2.0/../../../../riscv-none-embed/lib/rv32imac/ilp32\libg_nano.a(lib_a-nano-mallocr.o)
                0x00000000000087fa                _malloc_r
 .text.__cvt    0x00000000000088d4       0xee c:/mounriver/mounriver_studio/toolchain/risc-v embedded gcc/bin/../lib/gcc/riscv-none-embed/8.2.0/../../../../riscv-none-embed/lib/rv32imac/ilp32\libg_nano.a(lib_a-nano-vfprintf_float.o)
                0x00000000000088d4                __cvt
 .text.__exponent
                0x00000000000089c2       0x8c c:/mounriver/mounriver_studio/toolchain/risc-v embedded gcc/bin/../lib/gcc/riscv-none-embed/8.2.0/../../../../riscv-none-embed/lib/rv32imac/ilp32\libg_nano.a(lib_a-nano-vfprintf_float.o)
                0x00000000000089c2                __exponent
 .text._printf_float
                0x0000000000008a4e      0x4c4 c:/mounriver/mounriver_studio/toolchain/risc-v embedded gcc/bin/../lib/gcc/riscv-none-embed/8.2.0/../../../../riscv-none-embed/lib/rv32imac/ilp32\libg_nano.a(lib_a-nano-vfprintf_float.o)
                0x0000000000008a4e                _printf_float
 .text._printf_common
                0x0000000000008f12      0x10c c:/mounriver/mounriver_studio/toolchain/risc-v embedded gcc/bin/../lib/gcc/riscv-none-embed/8.2.0/../../../../riscv-none-embed/lib/rv32imac/ilp32\libg_nano.a(lib_a-nano-vfprintf_i.o)
                0x0000000000008f12                _printf_common
 .text._printf_i
                0x000000000000901e      0x2ac c:/mounriver/mounriver_studio/toolchain/risc-v embedded gcc/bin/../lib/gcc/riscv-none-embed/8.2.0/../../../../riscv-none-embed/lib/rv32imac/ilp32\libg_nano.a(lib_a-nano-vfprintf_i.o)
                0x000000000000901e                _printf_i
 .text.printf   0x00000000000092ca       0x42 c:/mounriver/mounriver_studio/toolchain/risc-v embedded gcc/bin/../lib/gcc/riscv-none-embed/8.2.0/../../../../riscv-none-embed/lib/rv32imac/ilp32\libg_nano.a(lib_a-printf.o)
                0x00000000000092ca                iprintf
                0x00000000000092ca                printf
 .text._puts_r  0x000000000000930c       0xde c:/mounriver/mounriver_studio/toolchain/risc-v embedded gcc/bin/../lib/gcc/riscv-none-embed/8.2.0/../../../../riscv-none-embed/lib/rv32imac/ilp32\libg_nano.a(lib_a-puts.o)
                0x000000000000930c                _puts_r
 .text.puts     0x00000000000093ea        0xc c:/mounriver/mounriver_studio/toolchain/risc-v embedded gcc/bin/../lib/gcc/riscv-none-embed/8.2.0/../../../../riscv-none-embed/lib/rv32imac/ilp32\libg_nano.a(lib_a-puts.o)
                0x00000000000093ea                puts
 .text._sbrk_r  0x00000000000093f6       0x2a c:/mounriver/mounriver_studio/toolchain/risc-v embedded gcc/bin/../lib/gcc/riscv-none-embed/8.2.0/../../../../riscv-none-embed/lib/rv32imac/ilp32\libg_nano.a(lib_a-sbrkr.o)
                0x00000000000093f6                _sbrk_r
 .text.sprintf  0x0000000000009420       0x46 c:/mounriver/mounriver_studio/toolchain/risc-v embedded gcc/bin/../lib/gcc/riscv-none-embed/8.2.0/../../../../riscv-none-embed/lib/rv32imac/ilp32\libg_nano.a(lib_a-sprintf.o)
                0x0000000000009420                siprintf
                0x0000000000009420                sprintf
 .text.strlen   0x0000000000009466       0x12 c:/mounriver/mounriver_studio/toolchain/risc-v embedded gcc/bin/../lib/gcc/riscv-none-embed/8.2.0/../../../../riscv-none-embed/lib/rv32imac/ilp32\libg_nano.a(lib_a-strlen.o)
                0x0000000000009466                strlen
 .text.__swbuf_r
                0x0000000000009478       0xc6 c:/mounriver/mounriver_studio/toolchain/risc-v embedded gcc/bin/../lib/gcc/riscv-none-embed/8.2.0/../../../../riscv-none-embed/lib/rv32imac/ilp32\libg_nano.a(lib_a-wbuf.o)
                0x0000000000009478                __swbuf_r
 .text.__ascii_wctomb
                0x000000000000953e       0x20 c:/mounriver/mounriver_studio/toolchain/risc-v embedded gcc/bin/../lib/gcc/riscv-none-embed/8.2.0/../../../../riscv-none-embed/lib/rv32imac/ilp32\libg_nano.a(lib_a-wctomb_r.o)
                0x000000000000953e                __ascii_wctomb
 .text.__swsetup_r
                0x000000000000955e      0x112 c:/mounriver/mounriver_studio/toolchain/risc-v embedded gcc/bin/../lib/gcc/riscv-none-embed/8.2.0/../../../../riscv-none-embed/lib/rv32imac/ilp32\libg_nano.a(lib_a-wsetup.o)
                0x000000000000955e                __swsetup_r
 .text.quorem   0x0000000000009670      0x13a c:/mounriver/mounriver_studio/toolchain/risc-v embedded gcc/bin/../lib/gcc/riscv-none-embed/8.2.0/../../../../riscv-none-embed/lib/rv32imac/ilp32\libg_nano.a(lib_a-dtoa.o)
 .text._dtoa_r  0x00000000000097aa      0xc1e c:/mounriver/mounriver_studio/toolchain/risc-v embedded gcc/bin/../lib/gcc/riscv-none-embed/8.2.0/../../../../riscv-none-embed/lib/rv32imac/ilp32\libg_nano.a(lib_a-dtoa.o)
                0x00000000000097aa                _dtoa_r
 .text.__sflush_r
                0x000000000000a3c8      0x13e c:/mounriver/mounriver_studio/toolchain/risc-v embedded gcc/bin/../lib/gcc/riscv-none-embed/8.2.0/../../../../riscv-none-embed/lib/rv32imac/ilp32\libg_nano.a(lib_a-fflush.o)
                0x000000000000a3c8                __sflush_r
 .text._fflush_r
                0x000000000000a506       0x66 c:/mounriver/mounriver_studio/toolchain/risc-v embedded gcc/bin/../lib/gcc/riscv-none-embed/8.2.0/../../../../riscv-none-embed/lib/rv32imac/ilp32\libg_nano.a(lib_a-fflush.o)
                0x000000000000a506                _fflush_r
 .text.std      0x000000000000a56c       0x6a c:/mounriver/mounriver_studio/toolchain/risc-v embedded gcc/bin/../lib/gcc/riscv-none-embed/8.2.0/../../../../riscv-none-embed/lib/rv32imac/ilp32\libg_nano.a(lib_a-findfp.o)
 .text._cleanup_r
                0x000000000000a5d6        0xa c:/mounriver/mounriver_studio/toolchain/risc-v embedded gcc/bin/../lib/gcc/riscv-none-embed/8.2.0/../../../../riscv-none-embed/lib/rv32imac/ilp32\libg_nano.a(lib_a-findfp.o)
                0x000000000000a5d6                _cleanup_r
 .text.__sfmoreglue
                0x000000000000a5e0       0x48 c:/mounriver/mounriver_studio/toolchain/risc-v embedded gcc/bin/../lib/gcc/riscv-none-embed/8.2.0/../../../../riscv-none-embed/lib/rv32imac/ilp32\libg_nano.a(lib_a-findfp.o)
                0x000000000000a5e0                __sfmoreglue
 .text.__sinit  0x000000000000a628       0x70 c:/mounriver/mounriver_studio/toolchain/risc-v embedded gcc/bin/../lib/gcc/riscv-none-embed/8.2.0/../../../../riscv-none-embed/lib/rv32imac/ilp32\libg_nano.a(lib_a-findfp.o)
                0x000000000000a628                __sinit
 .text.__sfp    0x000000000000a698       0xa4 c:/mounriver/mounriver_studio/toolchain/risc-v embedded gcc/bin/../lib/gcc/riscv-none-embed/8.2.0/../../../../riscv-none-embed/lib/rv32imac/ilp32\libg_nano.a(lib_a-findfp.o)
                0x000000000000a698                __sfp
 .text._fwalk_reent
                0x000000000000a73c       0x6c c:/mounriver/mounriver_studio/toolchain/risc-v embedded gcc/bin/../lib/gcc/riscv-none-embed/8.2.0/../../../../riscv-none-embed/lib/rv32imac/ilp32\libg_nano.a(lib_a-fwalk.o)
                0x000000000000a73c                _fwalk_reent
 .text._localeconv_r
                0x000000000000a7a8       0x18 c:/mounriver/mounriver_studio/toolchain/risc-v embedded gcc/bin/../lib/gcc/riscv-none-embed/8.2.0/../../../../riscv-none-embed/lib/rv32imac/ilp32\libg_nano.a(lib_a-localeconv.o)
                0x000000000000a7a8                _localeconv_r
 .text.__swhatbuf_r
                0x000000000000a7c0       0x5a c:/mounriver/mounriver_studio/toolchain/risc-v embedded gcc/bin/../lib/gcc/riscv-none-embed/8.2.0/../../../../riscv-none-embed/lib/rv32imac/ilp32\libg_nano.a(lib_a-makebuf.o)
                0x000000000000a7c0                __swhatbuf_r
 .text.__smakebuf_r
                0x000000000000a81a       0xa2 c:/mounriver/mounriver_studio/toolchain/risc-v embedded gcc/bin/../lib/gcc/riscv-none-embed/8.2.0/../../../../riscv-none-embed/lib/rv32imac/ilp32\libg_nano.a(lib_a-makebuf.o)
                0x000000000000a81a                __smakebuf_r
 .text.memchr   0x000000000000a8bc       0x1a c:/mounriver/mounriver_studio/toolchain/risc-v embedded gcc/bin/../lib/gcc/riscv-none-embed/8.2.0/../../../../riscv-none-embed/lib/rv32imac/ilp32\libg_nano.a(lib_a-memchr.o)
                0x000000000000a8bc                memchr
 .text.__malloc_lock
                0x000000000000a8d6        0x2 c:/mounriver/mounriver_studio/toolchain/risc-v embedded gcc/bin/../lib/gcc/riscv-none-embed/8.2.0/../../../../riscv-none-embed/lib/rv32imac/ilp32\libg_nano.a(lib_a-mlock.o)
                0x000000000000a8d6                __malloc_lock
 .text.__malloc_unlock
                0x000000000000a8d8        0x2 c:/mounriver/mounriver_studio/toolchain/risc-v embedded gcc/bin/../lib/gcc/riscv-none-embed/8.2.0/../../../../riscv-none-embed/lib/rv32imac/ilp32\libg_nano.a(lib_a-mlock.o)
                0x000000000000a8d8                __malloc_unlock
 .text._Balloc  0x000000000000a8da       0x88 c:/mounriver/mounriver_studio/toolchain/risc-v embedded gcc/bin/../lib/gcc/riscv-none-embed/8.2.0/../../../../riscv-none-embed/lib/rv32imac/ilp32\libg_nano.a(lib_a-mprec.o)
                0x000000000000a8da                _Balloc
 .text._Bfree   0x000000000000a962       0x44 c:/mounriver/mounriver_studio/toolchain/risc-v embedded gcc/bin/../lib/gcc/riscv-none-embed/8.2.0/../../../../riscv-none-embed/lib/rv32imac/ilp32\libg_nano.a(lib_a-mprec.o)
                0x000000000000a962                _Bfree
 .text.__multadd
                0x000000000000a9a6       0x98 c:/mounriver/mounriver_studio/toolchain/risc-v embedded gcc/bin/../lib/gcc/riscv-none-embed/8.2.0/../../../../riscv-none-embed/lib/rv32imac/ilp32\libg_nano.a(lib_a-mprec.o)
                0x000000000000a9a6                __multadd
 .text.__hi0bits
                0x000000000000aa3e       0x46 c:/mounriver/mounriver_studio/toolchain/risc-v embedded gcc/bin/../lib/gcc/riscv-none-embed/8.2.0/../../../../riscv-none-embed/lib/rv32imac/ilp32\libg_nano.a(lib_a-mprec.o)
                0x000000000000aa3e                __hi0bits
 .text.__lo0bits
                0x000000000000aa84       0x6a c:/mounriver/mounriver_studio/toolchain/risc-v embedded gcc/bin/../lib/gcc/riscv-none-embed/8.2.0/../../../../riscv-none-embed/lib/rv32imac/ilp32\libg_nano.a(lib_a-mprec.o)
                0x000000000000aa84                __lo0bits
 .text.__i2b    0x000000000000aaee       0x1c c:/mounriver/mounriver_studio/toolchain/risc-v embedded gcc/bin/../lib/gcc/riscv-none-embed/8.2.0/../../../../riscv-none-embed/lib/rv32imac/ilp32\libg_nano.a(lib_a-mprec.o)
                0x000000000000aaee                __i2b
 .text.__multiply
                0x000000000000ab0a      0x144 c:/mounriver/mounriver_studio/toolchain/risc-v embedded gcc/bin/../lib/gcc/riscv-none-embed/8.2.0/../../../../riscv-none-embed/lib/rv32imac/ilp32\libg_nano.a(lib_a-mprec.o)
                0x000000000000ab0a                __multiply
 .text.__pow5mult
                0x000000000000ac4e       0xbe c:/mounriver/mounriver_studio/toolchain/risc-v embedded gcc/bin/../lib/gcc/riscv-none-embed/8.2.0/../../../../riscv-none-embed/lib/rv32imac/ilp32\libg_nano.a(lib_a-mprec.o)
                0x000000000000ac4e                __pow5mult
 .text.__lshift
                0x000000000000ad0c       0xce c:/mounriver/mounriver_studio/toolchain/risc-v embedded gcc/bin/../lib/gcc/riscv-none-embed/8.2.0/../../../../riscv-none-embed/lib/rv32imac/ilp32\libg_nano.a(lib_a-mprec.o)
                0x000000000000ad0c                __lshift
 .text.__mcmp   0x000000000000adda       0x32 c:/mounriver/mounriver_studio/toolchain/risc-v embedded gcc/bin/../lib/gcc/riscv-none-embed/8.2.0/../../../../riscv-none-embed/lib/rv32imac/ilp32\libg_nano.a(lib_a-mprec.o)
                0x000000000000adda                __mcmp
 .text.__mdiff  0x000000000000ae0c       0xf2 c:/mounriver/mounriver_studio/toolchain/risc-v embedded gcc/bin/../lib/gcc/riscv-none-embed/8.2.0/../../../../riscv-none-embed/lib/rv32imac/ilp32\libg_nano.a(lib_a-mprec.o)
                0x000000000000ae0c                __mdiff
 .text.__d2b    0x000000000000aefe       0xd4 c:/mounriver/mounriver_studio/toolchain/risc-v embedded gcc/bin/../lib/gcc/riscv-none-embed/8.2.0/../../../../riscv-none-embed/lib/rv32imac/ilp32\libg_nano.a(lib_a-mprec.o)
                0x000000000000aefe                __d2b
 .text._calloc_r
                0x000000000000afd2       0x28 c:/mounriver/mounriver_studio/toolchain/risc-v embedded gcc/bin/../lib/gcc/riscv-none-embed/8.2.0/../../../../riscv-none-embed/lib/rv32imac/ilp32\libg_nano.a(lib_a-nano-callocr.o)
                0x000000000000afd2                _calloc_r
 .text._realloc_r
                0x000000000000affa       0x5a c:/mounriver/mounriver_studio/toolchain/risc-v embedded gcc/bin/../lib/gcc/riscv-none-embed/8.2.0/../../../../riscv-none-embed/lib/rv32imac/ilp32\libg_nano.a(lib_a-nano-reallocr.o)
                0x000000000000affa                _realloc_r
 .text.__ssputs_r
                0x000000000000b054       0xee c:/mounriver/mounriver_studio/toolchain/risc-v embedded gcc/bin/../lib/gcc/riscv-none-embed/8.2.0/../../../../riscv-none-embed/lib/rv32imac/ilp32\libg_nano.a(lib_a-nano-svfprintf.o)
                0x000000000000b054                __ssputs_r
 .text._svfprintf_r
                0x000000000000b142      0x27e c:/mounriver/mounriver_studio/toolchain/risc-v embedded gcc/bin/../lib/gcc/riscv-none-embed/8.2.0/../../../../riscv-none-embed/lib/rv32imac/ilp32\libg_nano.a(lib_a-nano-svfprintf.o)
                0x000000000000b142                _svfiprintf_r
                0x000000000000b142                _svfprintf_r
 .text.__sfputc_r
                0x000000000000b3c0       0x2a c:/mounriver/mounriver_studio/toolchain/risc-v embedded gcc/bin/../lib/gcc/riscv-none-embed/8.2.0/../../../../riscv-none-embed/lib/rv32imac/ilp32\libg_nano.a(lib_a-nano-vfprintf.o)
 .text.__sfputs_r
                0x000000000000b3ea       0x44 c:/mounriver/mounriver_studio/toolchain/risc-v embedded gcc/bin/../lib/gcc/riscv-none-embed/8.2.0/../../../../riscv-none-embed/lib/rv32imac/ilp32\libg_nano.a(lib_a-nano-vfprintf.o)
                0x000000000000b3ea                __sfputs_r
 .text._vfprintf_r
                0x000000000000b42e      0x2a0 c:/mounriver/mounriver_studio/toolchain/risc-v embedded gcc/bin/../lib/gcc/riscv-none-embed/8.2.0/../../../../riscv-none-embed/lib/rv32imac/ilp32\libg_nano.a(lib_a-nano-vfprintf.o)
                0x000000000000b42e                _vfprintf_r
                0x000000000000b42e                _vfiprintf_r
 .text.__sread  0x000000000000b6ce       0x30 c:/mounriver/mounriver_studio/toolchain/risc-v embedded gcc/bin/../lib/gcc/riscv-none-embed/8.2.0/../../../../riscv-none-embed/lib/rv32imac/ilp32\libg_nano.a(lib_a-stdio.o)
                0x000000000000b6ce                __sread
 .text.__swrite
                0x000000000000b6fe       0x4e c:/mounriver/mounriver_studio/toolchain/risc-v embedded gcc/bin/../lib/gcc/riscv-none-embed/8.2.0/../../../../riscv-none-embed/lib/rv32imac/ilp32\libg_nano.a(lib_a-stdio.o)
                0x000000000000b6fe                __swrite
 .text.__sseek  0x000000000000b74c       0x36 c:/mounriver/mounriver_studio/toolchain/risc-v embedded gcc/bin/../lib/gcc/riscv-none-embed/8.2.0/../../../../riscv-none-embed/lib/rv32imac/ilp32\libg_nano.a(lib_a-stdio.o)
                0x000000000000b74c                __sseek
 .text.__sclose
                0x000000000000b782        0x6 c:/mounriver/mounriver_studio/toolchain/risc-v embedded gcc/bin/../lib/gcc/riscv-none-embed/8.2.0/../../../../riscv-none-embed/lib/rv32imac/ilp32\libg_nano.a(lib_a-stdio.o)
                0x000000000000b782                __sclose
 .text._write_r
                0x000000000000b788       0x2e c:/mounriver/mounriver_studio/toolchain/risc-v embedded gcc/bin/../lib/gcc/riscv-none-embed/8.2.0/../../../../riscv-none-embed/lib/rv32imac/ilp32\libg_nano.a(lib_a-writer.o)
                0x000000000000b788                _write_r
 .text._close_r
                0x000000000000b7b6       0x28 c:/mounriver/mounriver_studio/toolchain/risc-v embedded gcc/bin/../lib/gcc/riscv-none-embed/8.2.0/../../../../riscv-none-embed/lib/rv32imac/ilp32\libg_nano.a(lib_a-closer.o)
                0x000000000000b7b6                _close_r
 .text._fstat_r
                0x000000000000b7de       0x2a c:/mounriver/mounriver_studio/toolchain/risc-v embedded gcc/bin/../lib/gcc/riscv-none-embed/8.2.0/../../../../riscv-none-embed/lib/rv32imac/ilp32\libg_nano.a(lib_a-fstatr.o)
                0x000000000000b7de                _fstat_r
 .text._isatty_r
                0x000000000000b808       0x28 c:/mounriver/mounriver_studio/toolchain/risc-v embedded gcc/bin/../lib/gcc/riscv-none-embed/8.2.0/../../../../riscv-none-embed/lib/rv32imac/ilp32\libg_nano.a(lib_a-isattyr.o)
                0x000000000000b808                _isatty_r
 .text._lseek_r
                0x000000000000b830       0x2c c:/mounriver/mounriver_studio/toolchain/risc-v embedded gcc/bin/../lib/gcc/riscv-none-embed/8.2.0/../../../../riscv-none-embed/lib/rv32imac/ilp32\libg_nano.a(lib_a-lseekr.o)
                0x000000000000b830                _lseek_r
 .text.memmove  0x000000000000b85c       0x4a c:/mounriver/mounriver_studio/toolchain/risc-v embedded gcc/bin/../lib/gcc/riscv-none-embed/8.2.0/../../../../riscv-none-embed/lib/rv32imac/ilp32\libg_nano.a(lib_a-memmove.o)
                0x000000000000b85c                memmove
 .text._malloc_usable_size_r
                0x000000000000b8a6       0x14 c:/mounriver/mounriver_studio/toolchain/risc-v embedded gcc/bin/../lib/gcc/riscv-none-embed/8.2.0/../../../../riscv-none-embed/lib/rv32imac/ilp32\libg_nano.a(lib_a-nano-msizer.o)
                0x000000000000b8a6                _malloc_usable_size_r
 .text._read_r  0x000000000000b8ba       0x2c c:/mounriver/mounriver_studio/toolchain/risc-v embedded gcc/bin/../lib/gcc/riscv-none-embed/8.2.0/../../../../riscv-none-embed/lib/rv32imac/ilp32\libg_nano.a(lib_a-readr.o)
                0x000000000000b8ba                _read_r
 .text.__eqdf2  0x000000000000b8e6       0x6a c:/mounriver/mounriver_studio/toolchain/risc-v embedded gcc/bin/../lib/gcc/riscv-none-embed/8.2.0/rv32imac/ilp32\libgcc.a(eqdf2.o)
                0x000000000000b8e6                __nedf2
                0x000000000000b8e6                __eqdf2
 .text.__gedf2  0x000000000000b950       0xae c:/mounriver/mounriver_studio/toolchain/risc-v embedded gcc/bin/../lib/gcc/riscv-none-embed/8.2.0/rv32imac/ilp32\libgcc.a(gedf2.o)
                0x000000000000b950                __gedf2
                0x000000000000b950                __gtdf2
 .text.__ledf2  0x000000000000b9fe       0xb6 c:/mounriver/mounriver_studio/toolchain/risc-v embedded gcc/bin/../lib/gcc/riscv-none-embed/8.2.0/rv32imac/ilp32\libgcc.a(ledf2.o)
                0x000000000000b9fe                __ledf2
                0x000000000000b9fe                __ltdf2
 .text.__unorddf2
                0x000000000000bab4       0x3c c:/mounriver/mounriver_studio/toolchain/risc-v embedded gcc/bin/../lib/gcc/riscv-none-embed/8.2.0/rv32imac/ilp32\libgcc.a(unorddf2.o)
                0x000000000000bab4                __unorddf2
 .text.__fixdfsi
                0x000000000000baf0       0x68 c:/mounriver/mounriver_studio/toolchain/risc-v embedded gcc/bin/../lib/gcc/riscv-none-embed/8.2.0/rv32imac/ilp32\libgcc.a(fixdfsi.o)
                0x000000000000baf0                __fixdfsi
 .text.__floatunsidf
                0x000000000000bb58       0x68 c:/mounriver/mounriver_studio/toolchain/risc-v embedded gcc/bin/../lib/gcc/riscv-none-embed/8.2.0/rv32imac/ilp32\libgcc.a(floatunsidf.o)
                0x000000000000bb58                __floatunsidf
 .text.__trunctfdf2
                0x000000000000bbc0      0x21e c:/mounriver/mounriver_studio/toolchain/risc-v embedded gcc/bin/../lib/gcc/riscv-none-embed/8.2.0/rv32imac/ilp32\libgcc.a(trunctfdf2.o)
                0x000000000000bbc0                __trunctfdf2
 .text._close   0x000000000000bdde        0xc c:/mounriver/mounriver_studio/toolchain/risc-v embedded gcc/bin/../lib/gcc/riscv-none-embed/8.2.0/../../../../riscv-none-embed/lib/rv32imac/ilp32\libnosys.a(close.o)
                0x000000000000bdde                _close
 .text._fstat   0x000000000000bdea        0xc c:/mounriver/mounriver_studio/toolchain/risc-v embedded gcc/bin/../lib/gcc/riscv-none-embed/8.2.0/../../../../riscv-none-embed/lib/rv32imac/ilp32\libnosys.a(fstat.o)
                0x000000000000bdea                _fstat
 .text._isatty  0x000000000000bdf6        0xc c:/mounriver/mounriver_studio/toolchain/risc-v embedded gcc/bin/../lib/gcc/riscv-none-embed/8.2.0/../../../../riscv-none-embed/lib/rv32imac/ilp32\libnosys.a(isatty.o)
                0x000000000000bdf6                _isatty
 .text._lseek   0x000000000000be02        0xc c:/mounriver/mounriver_studio/toolchain/risc-v embedded gcc/bin/../lib/gcc/riscv-none-embed/8.2.0/../../../../riscv-none-embed/lib/rv32imac/ilp32\libnosys.a(lseek.o)
                0x000000000000be02                _lseek
 .text._read    0x000000000000be0e        0xc c:/mounriver/mounriver_studio/toolchain/risc-v embedded gcc/bin/../lib/gcc/riscv-none-embed/8.2.0/../../../../riscv-none-embed/lib/rv32imac/ilp32\libnosys.a(read.o)
                0x000000000000be0e                _read
 .text._sbrk    0x000000000000be1a       0x20 c:/mounriver/mounriver_studio/toolchain/risc-v embedded gcc/bin/../lib/gcc/riscv-none-embed/8.2.0/../../../../riscv-none-embed/lib/rv32imac/ilp32\libnosys.a(sbrk.o)
                0x000000000000be1a                _sbrk
 *(.rodata)
 *fill*         0x000000000000be3a        0x2 
 .rodata        0x000000000000be3c       0x14 ./src/modbus.o
 .rodata        0x000000000000be50       0x14 ./src/storage.o
 *(.rodata*)
 .rodata.log_buffer_hex.str1.4
                0x000000000000be64       0x43 ./src/utils/log.o
 *fill*         0x000000000000bea7        0x1 
 .rodata.__FUNCTION__.4497
                0x000000000000bea8       0x13 ./src/modbus/discrete_input.o
 *fill*         0x000000000000bebb        0x1 
 .rodata.modbus_di_callback.str1.4
                0x000000000000bebc        0xf ./src/modbus/discrete_input.o
 *fill*         0x000000000000becb        0x1 
 .rodata.mb_reg_segs
                0x000000000000becc       0x30 ./src/modbus/regs.o
 .rodata.reset_dump
                0x000000000000befc       0x1c ./src/Main.o
 .rodata.main.str1.4
                0x000000000000bf18       0x25 ./src/Main.o
 *fill*         0x000000000000bf3d        0x3 
 .rodata.reset_dump.str1.4
                0x000000000000bf40       0x6a ./src/Main.o
 *fill*         0x000000000000bfaa        0x2 
 .rodata.uuid_dump.str1.4
                0x000000000000bfac        0xa ./src/Main.o
                                         0x16 (size before relaxing)
 *fill*         0x000000000000bfb6        0x2 
 .rodata.adc_convert_caclute.cst4
                0x000000000000bfb8       0x28 ./src/adc.o
 *fill*         0x000000000000bfe0        0x0 
 .rodata.adc_convert_caclute.cst8
                0x000000000000bfe0        0x8 ./src/adc.o
 .rodata.adc_convert_caclute.str1.4
                0x000000000000bfe8       0xb1 ./src/adc.o
 *fill*         0x000000000000c099        0x3 
 .rodata.__FUNCTION__.4086
                0x000000000000c09c       0x10 ./src/configtool.o
 .rodata.__FUNCTION__.4091
                0x000000000000c0ac       0x13 ./src/configtool.o
 *fill*         0x000000000000c0bf        0x1 
 .rodata.__FUNCTION__.4108
                0x000000000000c0c0       0x10 ./src/configtool.o
 .rodata.cfg_get_mb_uart.str1.4
                0x000000000000c0d0       0x14 ./src/configtool.o
 .rodata.cfg_init.str1.4
                0x000000000000c0e4       0x5d ./src/configtool.o
 *fill*         0x000000000000c141        0x3 
 .rodata.cfg_save_item.str1.4
                0x000000000000c144       0x3b ./src/configtool.o
 *fill*         0x000000000000c17f        0x1 
 .rodata.CSWTCH.34
                0x000000000000c180       0x34 ./src/liblightmodbus-impl.o
 .rodata.modbusErrorStr.str1.4
                0x000000000000c1b4       0x16 ./src/liblightmodbus-impl.o
 *fill*         0x000000000000c1ca        0x2 
 .rodata.str1.4
                0x000000000000c1cc      0x2df ./src/liblightmodbus-impl.o
 *fill*         0x000000000000c4ab        0x1 
 .rodata.__FUNCTION__.4585
                0x000000000000c4ac       0x17 ./src/modbus.o
 *fill*         0x000000000000c4c3        0x1 
 .rodata.modbus_frame_check.str1.4
                0x000000000000c4c4       0x41 ./src/modbus.o
 *fill*         0x000000000000c505        0x3 
 .rodata.modbus_init.str1.4
                0x000000000000c508       0x1b ./src/modbus.o
 *fill*         0x000000000000c523        0x1 
 .rodata.modbus_slave_init.str1.4
                0x000000000000c524       0x2d ./src/modbus.o
 *fill*         0x000000000000c551        0x3 
 .rodata.modbus_slave_uart_send.str1.4
                0x000000000000c554        0xf ./src/modbus.o
 *fill*         0x000000000000c563        0x1 
 .rodata.Hzk1   0x000000000000c564       0xa0 ./src/oled.o
                0x000000000000c564                Hzk1
 .rodata.Hzk2   0x000000000000c604       0x48 ./src/oled.o
                0x000000000000c604                Hzk2
 .rodata.Hzk3   0x000000000000c64c       0x80 ./src/oled.o
                0x000000000000c64c                Hzk3
 .rodata.Hzk4   0x000000000000c6cc      0x200 ./src/oled.o
                0x000000000000c6cc                Hzk4
 .rodata.asc2_0806
                0x000000000000c8cc      0x228 ./src/oled.o
                0x000000000000c8cc                asc2_0806
 .rodata.asc2_1206
                0x000000000000caf4      0x474 ./src/oled.o
                0x000000000000caf4                asc2_1206
 .rodata.asc2_1608
                0x000000000000cf68      0x5f0 ./src/oled.o
                0x000000000000cf68                asc2_1608
 .rodata.asc2_2412
                0x000000000000d558      0xd5c ./src/oled.o
                0x000000000000d558                asc2_2412
 .rodata.CFB    0x000000000000e2b4       0x1c ./src/onewire.o
 .rodata.COS_Factor
                0x000000000000e2d0       0x20 ./src/onewire.o
 .rodata.MY18B20_outputtotemp.cst4
                0x000000000000e2f0        0x4 ./src/onewire.o
 .rodata.caprangetocfbcfg.cst8
                0x000000000000e2f0        0x8 ./src/onewire.o
 .rodata.cfbcfgtocaprange.cst4
                0x000000000000e2f8        0x4 ./src/onewire.o
 *fill*         0x000000000000e2fc        0x4 
 .rodata.cfbcfgtocaprange.cst8
                0x000000000000e300        0x8 ./src/onewire.o
 .rodata.check_ack.str1.4
                0x000000000000e308       0x50 ./src/onewire.o
 .rodata.dev_type_choose_function.cst4
                0x000000000000e358        0x4 ./src/onewire.o
                                          0x8 (size before relaxing)
 .rodata.dev_type_choose_function.str1.4
                0x000000000000e35c       0xa3 ./src/onewire.o
 *fill*         0x000000000000e3ff        0x1 
 .rodata.mdc02_capconfigurefs.cst8
                0x000000000000e400        0x8 ./src/onewire.o
 .rodata.mdc02_capconfigureoffset.cst4
                0x000000000000e408        0x4 ./src/onewire.o
 .rodata.mdc02_capconfigurerange.cst4
                0x000000000000e40c        0x4 ./src/onewire.o
 *fill*         0x000000000000e40c        0x4 
 .rodata.mdc02_outputtocap.cst8
                0x000000000000e410       0x10 ./src/onewire.o
 .rodata.mdc02_outputtotemp.cst8
                0x000000000000e420       0x10 ./src/onewire.o
 .rodata.mdc02_range.cst4
                0x000000000000e430        0x8 ./src/onewire.o
 .rodata.mdc02_range.str1.4
                0x000000000000e438       0x20 ./src/onewire.o
 .rodata.onewire_find_alldevice.str1.4
                0x000000000000e458       0x35 ./src/onewire.o
                                         0x3a (size before relaxing)
 *fill*         0x000000000000e48d        0x3 
 .rodata.onewire_resetcheck.str1.4
                0x000000000000e490        0x7 ./src/onewire.o
 *fill*         0x000000000000e497        0x1 
 .rodata.read_temp.str1.4
                0x000000000000e498       0x2c ./src/onewire.o
 .rodata.readcapc2c3c4.str1.4
                0x000000000000e4c4        0x7 ./src/onewire.o
 *fill*         0x000000000000e4cb        0x1 
 .rodata.romid_crc.str1.4
                0x000000000000e4cc       0x64 ./src/onewire.o
 .rodata.mb_reg_after_write.str1.4
                0x000000000000e530       0x26 ./src/sensor.o
 *fill*         0x000000000000e556        0x2 
 .rodata.__FUNCTION__.4144
                0x000000000000e558        0xb ./src/storage.o
 *fill*         0x000000000000e563        0x1 
 .rodata.__FUNCTION__.4169
                0x000000000000e564       0x18 ./src/storage.o
 .rodata.st_delete_item_with_loc.str1.4
                0x000000000000e57c      0x11b ./src/storage.o
 *fill*         0x000000000000e697        0x1 
 .rodata.st_find_item.str1.4
                0x000000000000e698       0xd4 ./src/storage.o
 .rodata.st_init.str1.4
                0x000000000000e76c      0x1c8 ./src/storage.o
 .rodata.st_page_erase.str1.4
                0x000000000000e934       0x32 ./src/storage.o
 *fill*         0x000000000000e966        0x2 
 .rodata.st_page_read.str1.4
                0x000000000000e968       0x56 ./src/storage.o
 *fill*         0x000000000000e9be        0x2 
 .rodata.st_page_status_str.str1.4
                0x000000000000e9c0       0x2b ./src/storage.o
 *fill*         0x000000000000e9eb        0x1 
 .rodata.st_page_status_update.constprop.12.str1.4
                0x000000000000e9ec       0x28 ./src/storage.o
 .rodata.st_page_write_item.constprop.10.str1.4
                0x000000000000ea14       0xc0 ./src/storage.o
 .rodata.st_write_item.str1.4
                0x000000000000ead4      0x11c ./src/storage.o
 .rodata.GPIOA_ModeCfg
                0x000000000000ebf0       0x14 ./StdPeriphDriver/CH58x_gpio.o
 .rodata.GPIOB_ModeCfg
                0x000000000000ec04       0x14 ./StdPeriphDriver/CH58x_gpio.o
 .rodata.__divdf3
                0x000000000000ec18       0x40 c:/mounriver/mounriver_studio/toolchain/risc-v embedded gcc/bin/../lib/gcc/riscv-none-embed/8.2.0/rv32imac/ilp32\libgcc.a(divdf3.o)
 .rodata.__muldf3
                0x000000000000ec58       0x40 c:/mounriver/mounriver_studio/toolchain/risc-v embedded gcc/bin/../lib/gcc/riscv-none-embed/8.2.0/rv32imac/ilp32\libgcc.a(muldf3.o)
 .rodata.__divsf3
                0x000000000000ec98       0x80 c:/mounriver/mounriver_studio/toolchain/risc-v embedded gcc/bin/../lib/gcc/riscv-none-embed/8.2.0/rv32imac/ilp32\libgcc.a(divsf3.o)
 .rodata.__mulsf3
                0x000000000000ed18       0x40 c:/mounriver/mounriver_studio/toolchain/risc-v embedded gcc/bin/../lib/gcc/riscv-none-embed/8.2.0/rv32imac/ilp32\libgcc.a(mulsf3.o)
 .rodata.__clz_tab
                0x000000000000ed58      0x100 c:/mounriver/mounriver_studio/toolchain/risc-v embedded gcc/bin/../lib/gcc/riscv-none-embed/8.2.0/rv32imac/ilp32\libgcc.a(_clz.o)
                0x000000000000ed58                __clz_tab
 .rodata._setlocale_r.str1.4
                0x000000000000ee58        0xa c:/mounriver/mounriver_studio/toolchain/risc-v embedded gcc/bin/../lib/gcc/riscv-none-embed/8.2.0/../../../../riscv-none-embed/lib/rv32imac/ilp32\libg_nano.a(lib_a-locale.o)
                                          0xd (size before relaxing)
 *fill*         0x000000000000ee62        0x2 
 .rodata.str1.4
                0x000000000000ee64        0x2 c:/mounriver/mounriver_studio/toolchain/risc-v embedded gcc/bin/../lib/gcc/riscv-none-embed/8.2.0/../../../../riscv-none-embed/lib/rv32imac/ilp32\libg_nano.a(lib_a-locale.o)
 *fill*         0x000000000000ee66        0x2 
 .rodata._printf_float.cst8
                0x000000000000ee68        0x8 c:/mounriver/mounriver_studio/toolchain/risc-v embedded gcc/bin/../lib/gcc/riscv-none-embed/8.2.0/../../../../riscv-none-embed/lib/rv32imac/ilp32\libg_nano.a(lib_a-nano-vfprintf_float.o)
 .rodata._printf_float.str1.4
                0x000000000000ee70       0x12 c:/mounriver/mounriver_studio/toolchain/risc-v embedded gcc/bin/../lib/gcc/riscv-none-embed/8.2.0/../../../../riscv-none-embed/lib/rv32imac/ilp32\libg_nano.a(lib_a-nano-vfprintf_float.o)
 *fill*         0x000000000000ee82        0x2 
 .rodata._printf_i.str1.4
                0x000000000000ee84       0x25 c:/mounriver/mounriver_studio/toolchain/risc-v embedded gcc/bin/../lib/gcc/riscv-none-embed/8.2.0/../../../../riscv-none-embed/lib/rv32imac/ilp32\libg_nano.a(lib_a-nano-vfprintf_i.o)
 *fill*         0x000000000000eea9        0x3 
 .rodata._ctype_
                0x000000000000eeac      0x101 c:/mounriver/mounriver_studio/toolchain/risc-v embedded gcc/bin/../lib/gcc/riscv-none-embed/8.2.0/../../../../riscv-none-embed/lib/rv32imac/ilp32\libg_nano.a(lib_a-ctype_.o)
                0x000000000000eeac                _ctype_
 *fill*         0x000000000000efad        0x3 
 .rodata._dtoa_r.cst8
                0x000000000000efb0       0x40 c:/mounriver/mounriver_studio/toolchain/risc-v embedded gcc/bin/../lib/gcc/riscv-none-embed/8.2.0/../../../../riscv-none-embed/lib/rv32imac/ilp32\libg_nano.a(lib_a-dtoa.o)
                                         0x48 (size before relaxing)
 .rodata._dtoa_r.str1.4
                0x000000000000eff0       0x10 c:/mounriver/mounriver_studio/toolchain/risc-v embedded gcc/bin/../lib/gcc/riscv-none-embed/8.2.0/../../../../riscv-none-embed/lib/rv32imac/ilp32\libg_nano.a(lib_a-dtoa.o)
                                         0x12 (size before relaxing)
 .rodata.__sf_fake_stderr
                0x000000000000f000       0x20 c:/mounriver/mounriver_studio/toolchain/risc-v embedded gcc/bin/../lib/gcc/riscv-none-embed/8.2.0/../../../../riscv-none-embed/lib/rv32imac/ilp32\libg_nano.a(lib_a-findfp.o)
                0x000000000000f000                __sf_fake_stderr
 .rodata.__sf_fake_stdin
                0x000000000000f020       0x20 c:/mounriver/mounriver_studio/toolchain/risc-v embedded gcc/bin/../lib/gcc/riscv-none-embed/8.2.0/../../../../riscv-none-embed/lib/rv32imac/ilp32\libg_nano.a(lib_a-findfp.o)
                0x000000000000f020                __sf_fake_stdin
 .rodata.__sf_fake_stdout
                0x000000000000f040       0x20 c:/mounriver/mounriver_studio/toolchain/risc-v embedded gcc/bin/../lib/gcc/riscv-none-embed/8.2.0/../../../../riscv-none-embed/lib/rv32imac/ilp32\libg_nano.a(lib_a-findfp.o)
                0x000000000000f040                __sf_fake_stdout
 .rodata.__mprec_bigtens
                0x000000000000f060       0x28 c:/mounriver/mounriver_studio/toolchain/risc-v embedded gcc/bin/../lib/gcc/riscv-none-embed/8.2.0/../../../../riscv-none-embed/lib/rv32imac/ilp32\libg_nano.a(lib_a-mprec.o)
                0x000000000000f060                __mprec_bigtens
 .rodata.__mprec_tens
                0x000000000000f088       0xc8 c:/mounriver/mounriver_studio/toolchain/risc-v embedded gcc/bin/../lib/gcc/riscv-none-embed/8.2.0/../../../../riscv-none-embed/lib/rv32imac/ilp32\libg_nano.a(lib_a-mprec.o)
                0x000000000000f088                __mprec_tens
 .rodata.p05.3319
                0x000000000000f150        0xc c:/mounriver/mounriver_studio/toolchain/risc-v embedded gcc/bin/../lib/gcc/riscv-none-embed/8.2.0/../../../../riscv-none-embed/lib/rv32imac/ilp32\libg_nano.a(lib_a-mprec.o)
 .rodata._svfprintf_r.str1.4
                0x000000000000f15c       0x14 c:/mounriver/mounriver_studio/toolchain/risc-v embedded gcc/bin/../lib/gcc/riscv-none-embed/8.2.0/../../../../riscv-none-embed/lib/rv32imac/ilp32\libg_nano.a(lib_a-nano-svfprintf.o)
                                         0x13 (size before relaxing)
 .rodata._vfprintf_r.str1.4
                0x000000000000f170       0x13 c:/mounriver/mounriver_studio/toolchain/risc-v embedded gcc/bin/../lib/gcc/riscv-none-embed/8.2.0/../../../../riscv-none-embed/lib/rv32imac/ilp32\libg_nano.a(lib_a-nano-vfprintf.o)
 *(.sdata2.*)
 .sdata2.CSWTCH.31
                0x000000000000f170        0x4 ./src/liblightmodbus-impl.o
 .sdata2.CSWTCH.32
                0x000000000000f174        0x8 ./src/liblightmodbus-impl.o
 .sdata2.CSWTCH.33
                0x000000000000f17c        0x4 ./src/liblightmodbus-impl.o
 .sdata2.modbusSlaveDefaultFunctionCount
                0x000000000000f180        0x1 ./src/liblightmodbus-impl.o
                0x000000000000f180                modbusSlaveDefaultFunctionCount
 *fill*         0x000000000000f181        0x3 
 .sdata2._global_impure_ptr
                0x000000000000f184        0x4 c:/mounriver/mounriver_studio/toolchain/risc-v embedded gcc/bin/../lib/gcc/riscv-none-embed/8.2.0/../../../../riscv-none-embed/lib/rv32imac/ilp32\libg_nano.a(lib_a-impure.o)
                0x000000000000f184                _global_impure_ptr
 *(.glue_7)
 *(.glue_7t)
 *(.gnu.linkonce.t.*)
                0x000000000000f188                . = ALIGN (0x4)

.rela.dyn       0x000000000000f188        0x0
 .rela.text.adc_convert_caclute
                0x000000000000f188        0x0 ./src/utils/crc.o
 .rela.text.onewire_find_alldevice
                0x000000000000f188        0x0 ./src/utils/crc.o
 .rela.text.mdc02_writeparameters_skiprom
                0x000000000000f188        0x0 ./src/utils/crc.o
 .rela.text.mdc02_readparameters_skiprom
                0x000000000000f188        0x0 ./src/utils/crc.o
 .rela.text.mdc02_writescratchpad_skiprom
                0x000000000000f188        0x0 ./src/utils/crc.o
 .rela.text.convertcap
                0x000000000000f188        0x0 ./src/utils/crc.o
 .rela.text.converttemp
                0x000000000000f188        0x0 ./src/utils/crc.o
 .rela.text.convert_tempcap1
                0x000000000000f188        0x0 ./src/utils/crc.o
 .rela.text.mdc02_readscratchpad_skiprom
                0x000000000000f188        0x0 ./src/utils/crc.o
 .rela.text.mdc02_readc2c3c4_skiprom
                0x000000000000f188        0x0 ./src/utils/crc.o
 .rela.text.romid_crc
                0x000000000000f188        0x0 ./src/utils/crc.o
 .rela.text.mdc02_range
                0x000000000000f188        0x0 ./src/utils/crc.o
 .rela.text.dev_type_choose_function
                0x000000000000f188        0x0 ./src/utils/crc.o
 .rela.init     0x000000000000f188        0x0 ./src/utils/crc.o
 .rela.vector   0x000000000000f188        0x0 ./src/utils/crc.o
 .rela.handle_reset
                0x000000000000f188        0x0 ./src/utils/crc.o
 .rela.text._sbrk_r
                0x000000000000f188        0x0 ./src/utils/crc.o
 .rela.text._svfprintf_r
                0x000000000000f188        0x0 ./src/utils/crc.o
 .rela.text._vfprintf_r
                0x000000000000f188        0x0 ./src/utils/crc.o
 .rela.text._write_r
                0x000000000000f188        0x0 ./src/utils/crc.o
 .rela.text._close_r
                0x000000000000f188        0x0 ./src/utils/crc.o
 .rela.text._fstat_r
                0x000000000000f188        0x0 ./src/utils/crc.o
 .rela.text._isatty_r
                0x000000000000f188        0x0 ./src/utils/crc.o
 .rela.text._lseek_r
                0x000000000000f188        0x0 ./src/utils/crc.o
 .rela.text._read_r
                0x000000000000f188        0x0 ./src/utils/crc.o
 .rela.text._close
                0x000000000000f188        0x0 ./src/utils/crc.o
 .rela.text._fstat
                0x000000000000f188        0x0 ./src/utils/crc.o
 .rela.text._isatty
                0x000000000000f188        0x0 ./src/utils/crc.o
 .rela.text._lseek
                0x000000000000f188        0x0 ./src/utils/crc.o
 .rela.text._read
                0x000000000000f188        0x0 ./src/utils/crc.o
 .rela.text._sbrk
                0x000000000000f188        0x0 ./src/utils/crc.o

.fini           0x000000000000f188        0x0
 *(SORT_NONE(.fini))
                0x000000000000f188                . = ALIGN (0x4)
                [!provide]                        PROVIDE (_etext = .)
                [!provide]                        PROVIDE (_eitcm = .)

.preinit_array  0x000000000000f188        0x0
                [!provide]                        PROVIDE (__preinit_array_start = .)
 *(.preinit_array)
                [!provide]                        PROVIDE (__preinit_array_end = .)

.init_array     0x000000000000f188        0x0
                [!provide]                        PROVIDE (__init_array_start = .)
 *(SORT_BY_INIT_PRIORITY(.init_array.*) SORT_BY_INIT_PRIORITY(.ctors.*))
 *(.init_array EXCLUDE_FILE(*crtend?.o *crtend.o *crtbegin?.o *crtbegin.o) .ctors)
                [!provide]                        PROVIDE (__init_array_end = .)

.fini_array     0x000000000000f188        0x0
                [!provide]                        PROVIDE (__fini_array_start = .)
 *(SORT_BY_INIT_PRIORITY(.fini_array.*) SORT_BY_INIT_PRIORITY(.dtors.*))
 *(.fini_array EXCLUDE_FILE(*crtend?.o *crtend.o *crtbegin?.o *crtbegin.o) .dtors)
                [!provide]                        PROVIDE (__fini_array_end = .)

.ctors
 *crtbegin.o(.ctors)
 *crtbegin?.o(.ctors)
 *(EXCLUDE_FILE(*crtend?.o *crtend.o) .ctors)
 *(SORT_BY_NAME(.ctors.*))
 *(.ctors)

.dtors
 *crtbegin.o(.dtors)
 *crtbegin?.o(.dtors)
 *(EXCLUDE_FILE(*crtend?.o *crtend.o) .dtors)
 *(SORT_BY_NAME(.dtors.*))
 *(.dtors)

.dalign         0x0000000020000848        0x0 load address 0x000000000000f188
                0x0000000020000848                . = (ORIGIN (RAM) + MAX (0x800, SIZEOF (.highcode)))

.dlalign        0x000000000000f188        0x0
                0x000000000000f188                . = ALIGN (0x4)
                0x000000000000f188                PROVIDE (_data_lma = .)

.data           0x0000000020000848      0x268 load address 0x000000000000f188
                0x0000000020000848                . = ALIGN (0x4)
                0x0000000020000848                PROVIDE (_data_vma = .)
 *(.gnu.linkonce.r.*)
 *(.data .data.*)
 .data.cfg_items
                0x0000000020000848       0x3c ./src/configtool.o
 .data.modbusSlaveDefaultFunctions
                0x0000000020000884       0x50 ./src/liblightmodbus-impl.o
                0x0000000020000884                modbusSlaveDefaultFunctions
 .data.__global_locale
                0x00000000200008d4      0x16c c:/mounriver/mounriver_studio/toolchain/risc-v embedded gcc/bin/../lib/gcc/riscv-none-embed/8.2.0/../../../../riscv-none-embed/lib/rv32imac/ilp32\libg_nano.a(lib_a-locale.o)
                0x00000000200008d4                __global_locale
 .data.impure_data
                0x0000000020000a40       0x60 c:/mounriver/mounriver_studio/toolchain/risc-v embedded gcc/bin/../lib/gcc/riscv-none-embed/8.2.0/../../../../riscv-none-embed/lib/rv32imac/ilp32\libg_nano.a(lib_a-impure.o)
 *(.gnu.linkonce.d.*)
                0x0000000020000aa0                . = ALIGN (0x8)
                0x00000000200012a0                PROVIDE (__global_pointer$ = (. + 0x800))
 *(.sdata .sdata.*)
 .sdata.mb_di_list
                0x0000000020000aa0        0x8 ./src/modbus/discrete_input.o
                0x0000000020000aa0                mb_di_list
 .sdata._impure_ptr
                0x0000000020000aa8        0x4 c:/mounriver/mounriver_studio/toolchain/risc-v embedded gcc/bin/../lib/gcc/riscv-none-embed/8.2.0/../../../../riscv-none-embed/lib/rv32imac/ilp32\libg_nano.a(lib_a-impure.o)
                0x0000000020000aa8                _impure_ptr
 *(.gnu.linkonce.s.*)
                0x0000000020000ab0                . = ALIGN (0x8)
 *fill*         0x0000000020000aac        0x4 
 *(.srodata.cst16)
 *(.srodata.cst8)
 *(.srodata.cst4)
 *(.srodata.cst2)
 *(.srodata .srodata.*)
                0x0000000020000ab0                . = ALIGN (0x4)
                0x0000000020000ab0                PROVIDE (_edata = .)

.appinfo        0x0000000020000ab0       0x2a load address 0x000000000000f3f0
 .appinfo       0x0000000020000ab0       0x2a ./src/appinfo.o

.bss            0x0000000020000ae0      0xc68 load address 0x000000000000f41a
                0x0000000020000ae0                . = ALIGN (0x4)
                0x0000000020000ae0                PROVIDE (_sbss = .)
 *(.sbss*)
 .sbss.mb_di_pr_cache
                0x0000000020000ae0        0x1 ./src/modbus/discrete_input.o
 *fill*         0x0000000020000ae1        0x3 
 .sbss.mb_iregs
                0x0000000020000ae4        0x2 ./src/modbus/iregs.o
 *fill*         0x0000000020000ae6        0x2 
 .sbss.mb_pr_iregs
                0x0000000020000ae8        0x2 ./src/modbus/iregs.o
 *fill*         0x0000000020000aea        0x2 
 .sbss.mb_test_regs
                0x0000000020000aec        0x4 ./src/modbus/regs.o
 .sbss.cfg_flag_init
                0x0000000020000af0        0x1 ./src/configtool.o
 .sbss.mb_timer_ref
                0x0000000020000af1        0x1 ./src/modbus.o
 .sbss.flag_refresh
                0x0000000020000af2        0x1 ./src/oled.o
 *fill*         0x0000000020000af3        0x1 
 .sbss.ow_flag_timerout
                0x0000000020000af4        0x4 ./src/onewire.o
 .sbss.sensor_ctx
                0x0000000020000af8        0x8 ./src/sensor.o
 .sbss.uid_read
                0x0000000020000b00        0x1 ./src/uid.o
 *fill*         0x0000000020000b01        0x7 
 .sbss.worktime
                0x0000000020000b08        0x8 ./src/worktime.o
 .sbss.__malloc_free_list
                0x0000000020000b10        0x4 c:/mounriver/mounriver_studio/toolchain/risc-v embedded gcc/bin/../lib/gcc/riscv-none-embed/8.2.0/../../../../riscv-none-embed/lib/rv32imac/ilp32\libg_nano.a(lib_a-nano-mallocr.o)
                0x0000000020000b10                __malloc_free_list
 .sbss.__malloc_sbrk_start
                0x0000000020000b14        0x4 c:/mounriver/mounriver_studio/toolchain/risc-v embedded gcc/bin/../lib/gcc/riscv-none-embed/8.2.0/../../../../riscv-none-embed/lib/rv32imac/ilp32\libg_nano.a(lib_a-nano-mallocr.o)
                0x0000000020000b14                __malloc_sbrk_start
 .sbss.heap_end.1518
                0x0000000020000b18        0x4 c:/mounriver/mounriver_studio/toolchain/risc-v embedded gcc/bin/../lib/gcc/riscv-none-embed/8.2.0/../../../../riscv-none-embed/lib/rv32imac/ilp32\libnosys.a(sbrk.o)
 *(.gnu.linkonce.sb.*)
 *(.bss*)
 .bss.mb_config_regs
                0x0000000020000b1c        0xe ./src/modbus/regs.o
 *fill*         0x0000000020000b2a        0x2 
 .bss.mb_ro_regs
                0x0000000020000b2c       0xe0 ./src/modbus/regs.o
 .bss.mb_rwa_regs
                0x0000000020000c0c       0x1e ./src/modbus/regs.o
 *fill*         0x0000000020000c2a        0x2 
 .bss.cfg_cache
                0x0000000020000c2c       0x3c ./src/configtool.o
 .bss.line_idx  0x0000000020000c68       0x10 ./src/display.o
 .bss.lines     0x0000000020000c78       0x48 ./src/display.o
 .bss.mb_slave_ctx
                0x0000000020000cc0      0x260 ./src/modbus.o
 .bss.OLED_GRAM
                0x0000000020000f20      0x480 ./src/oled.o
 .bss.st_ctx    0x00000000200013a0       0x34 ./src/storage.o
 .bss.uid       0x00000000200013d4        0x9 ./src/uid.o
 *(.gnu.linkonce.b.*)
 *(COMMON*)
 *fill*         0x00000000200013dd        0x3 
 COMMON         0x00000000200013e0       0x18 ./src/adc.o
                0x00000000200013e0                array_t
 COMMON         0x00000000200013f8      0x34c ./src/onewire.o
                0x00000000200013f8                device_t
                0x000000002000171c                onewire_dev
                0x000000002000173c                ROM_NO
 COMMON         0x0000000020001744        0x4 c:/mounriver/mounriver_studio/toolchain/risc-v embedded gcc/bin/../lib/gcc/riscv-none-embed/8.2.0/../../../../riscv-none-embed/lib/rv32imac/ilp32\libg_nano.a(lib_a-reent.o)
                0x0000000020001744                errno
                0x0000000020001748                . = ALIGN (0x4)
                0x0000000020001748                PROVIDE (_ebss = .)
                [!provide]                        PROVIDE (_end = _ebss)
                0x0000000020001748                PROVIDE (end = .)

.stack          0x0000000020008000        0x0
                0x0000000020008000                . = ALIGN (0x4)
                0x0000000020008000                PROVIDE (_eusrstack = .)
OUTPUT(CH582M-app-onewire.elf elf32-littleriscv)

.debug_info     0x0000000000000000    0x23094
 .debug_info    0x0000000000000000      0xa04 ./src/utils/crc.o
 .debug_info    0x0000000000000a04      0xf74 ./src/utils/log.o
 .debug_info    0x0000000000001978     0x1316 ./src/modbus/coils.o
 .debug_info    0x0000000000002c8e     0x16ba ./src/modbus/discrete_input.o
 .debug_info    0x0000000000004348     0x1294 ./src/modbus/iregs.o
 .debug_info    0x00000000000055dc     0x1620 ./src/modbus/regs.o
 .debug_info    0x0000000000006bfc     0x15af ./src/Main.o
 .debug_info    0x00000000000081ab     0x154a ./src/adc.o
 .debug_info    0x00000000000096f5      0x152 ./src/appinfo.o
 .debug_info    0x0000000000009847     0x168d ./src/configtool.o
 .debug_info    0x000000000000aed4      0xd23 ./src/display.o
 .debug_info    0x000000000000bbf7     0x2b86 ./src/liblightmodbus-impl.o
 .debug_info    0x000000000000e77d     0x22f2 ./src/modbus.o
 .debug_info    0x0000000000010a6f     0x1d1d ./src/oled.o
 .debug_info    0x000000000001278c     0x3f46 ./src/onewire.o
 .debug_info    0x00000000000166d2     0x1752 ./src/sensor.o
 .debug_info    0x0000000000017e24     0x2bbe ./src/storage.o
 .debug_info    0x000000000001a9e2      0xcc9 ./src/uid.o
 .debug_info    0x000000000001b6ab     0x10aa ./src/worktime.o
 .debug_info    0x000000000001c755      0xf96 ./StdPeriphDriver/CH58x_adc.o
 .debug_info    0x000000000001d6eb      0xe62 ./StdPeriphDriver/CH58x_gpio.o
 .debug_info    0x000000000001e54d     0x12a5 ./StdPeriphDriver/CH58x_sys.o
 .debug_info    0x000000000001f7f2      0xdb4 ./StdPeriphDriver/CH58x_timer0.o
 .debug_info    0x00000000000205a6      0xe58 ./StdPeriphDriver/CH58x_timer1.o
 .debug_info    0x00000000000213fe      0xe3a ./StdPeriphDriver/CH58x_uart1.o
 .debug_info    0x0000000000022238      0xe3a ./StdPeriphDriver/CH58x_uart3.o
 .debug_info    0x0000000000023072       0x22 ./Startup/startup_CH583.o

.debug_abbrev   0x0000000000000000     0x57d9
 .debug_abbrev  0x0000000000000000      0x1cc ./src/utils/crc.o
 .debug_abbrev  0x00000000000001cc      0x2a8 ./src/utils/log.o
 .debug_abbrev  0x0000000000000474      0x321 ./src/modbus/coils.o
 .debug_abbrev  0x0000000000000795      0x3b8 ./src/modbus/discrete_input.o
 .debug_abbrev  0x0000000000000b4d      0x2ff ./src/modbus/iregs.o
 .debug_abbrev  0x0000000000000e4c      0x3e1 ./src/modbus/regs.o
 .debug_abbrev  0x000000000000122d      0x309 ./src/Main.o
 .debug_abbrev  0x0000000000001536      0x3a9 ./src/adc.o
 .debug_abbrev  0x00000000000018df       0xb9 ./src/appinfo.o
 .debug_abbrev  0x0000000000001998      0x3f9 ./src/configtool.o
 .debug_abbrev  0x0000000000001d91      0x329 ./src/display.o
 .debug_abbrev  0x00000000000020ba      0x5a9 ./src/liblightmodbus-impl.o
 .debug_abbrev  0x0000000000002663      0x5ff ./src/modbus.o
 .debug_abbrev  0x0000000000002c62      0x44c ./src/oled.o
 .debug_abbrev  0x00000000000030ae      0x74a ./src/onewire.o
 .debug_abbrev  0x00000000000037f8      0x32b ./src/sensor.o
 .debug_abbrev  0x0000000000003b23      0x4fe ./src/storage.o
 .debug_abbrev  0x0000000000004021      0x222 ./src/uid.o
 .debug_abbrev  0x0000000000004243      0x316 ./src/worktime.o
 .debug_abbrev  0x0000000000004559      0x2cf ./StdPeriphDriver/CH58x_adc.o
 .debug_abbrev  0x0000000000004828      0x268 ./StdPeriphDriver/CH58x_gpio.o
 .debug_abbrev  0x0000000000004a90      0x368 ./StdPeriphDriver/CH58x_sys.o
 .debug_abbrev  0x0000000000004df8      0x235 ./StdPeriphDriver/CH58x_timer0.o
 .debug_abbrev  0x000000000000502d      0x246 ./StdPeriphDriver/CH58x_timer1.o
 .debug_abbrev  0x0000000000005273      0x2aa ./StdPeriphDriver/CH58x_uart1.o
 .debug_abbrev  0x000000000000551d      0x2aa ./StdPeriphDriver/CH58x_uart3.o
 .debug_abbrev  0x00000000000057c7       0x12 ./Startup/startup_CH583.o

.debug_loc      0x0000000000000000     0xb471
 .debug_loc     0x0000000000000000     0x23cb ./src/utils/crc.o
 .debug_loc     0x00000000000023cb      0x3c3 ./src/utils/log.o
 .debug_loc     0x000000000000278e       0xd7 ./src/modbus/coils.o
 .debug_loc     0x0000000000002865      0x2ac ./src/modbus/discrete_input.o
 .debug_loc     0x0000000000002b11       0xee ./src/modbus/iregs.o
 .debug_loc     0x0000000000002bff      0x466 ./src/modbus/regs.o
 .debug_loc     0x0000000000003065       0xb3 ./src/Main.o
 .debug_loc     0x0000000000003118       0xd1 ./src/adc.o
 .debug_loc     0x00000000000031e9      0x489 ./src/configtool.o
 .debug_loc     0x0000000000003672      0x1e2 ./src/display.o
 .debug_loc     0x0000000000003854     0x2648 ./src/liblightmodbus-impl.o
 .debug_loc     0x0000000000005e9c      0x4e6 ./src/modbus.o
 .debug_loc     0x0000000000006382      0xcf0 ./src/oled.o
 .debug_loc     0x0000000000007072     0x1d63 ./src/onewire.o
 .debug_loc     0x0000000000008dd5      0x1ca ./src/sensor.o
 .debug_loc     0x0000000000008f9f     0x1811 ./src/storage.o
 .debug_loc     0x000000000000a7b0       0x5f ./src/worktime.o
 .debug_loc     0x000000000000a80f      0x1c5 ./StdPeriphDriver/CH58x_adc.o
 .debug_loc     0x000000000000a9d4      0x361 ./StdPeriphDriver/CH58x_gpio.o
 .debug_loc     0x000000000000ad35      0x25a ./StdPeriphDriver/CH58x_sys.o
 .debug_loc     0x000000000000af8f       0x84 ./StdPeriphDriver/CH58x_timer0.o
 .debug_loc     0x000000000000b013       0x84 ./StdPeriphDriver/CH58x_timer1.o
 .debug_loc     0x000000000000b097      0x1ed ./StdPeriphDriver/CH58x_uart1.o
 .debug_loc     0x000000000000b284      0x1ed ./StdPeriphDriver/CH58x_uart3.o

.debug_aranges  0x0000000000000000      0xa48
 .debug_aranges
                0x0000000000000000       0x60 ./src/utils/crc.o
 .debug_aranges
                0x0000000000000060       0x28 ./src/utils/log.o
 .debug_aranges
                0x0000000000000088       0x30 ./src/modbus/coils.o
 .debug_aranges
                0x00000000000000b8       0x30 ./src/modbus/discrete_input.o
 .debug_aranges
                0x00000000000000e8       0x30 ./src/modbus/iregs.o
 .debug_aranges
                0x0000000000000118       0x48 ./src/modbus/regs.o
 .debug_aranges
                0x0000000000000160       0x30 ./src/Main.o
 .debug_aranges
                0x0000000000000190       0x28 ./src/adc.o
 .debug_aranges
                0x00000000000001b8       0x20 ./src/appinfo.o
 .debug_aranges
                0x00000000000001d8       0x58 ./src/configtool.o
 .debug_aranges
                0x0000000000000230       0x30 ./src/display.o
 .debug_aranges
                0x0000000000000260       0xe8 ./src/liblightmodbus-impl.o
 .debug_aranges
                0x0000000000000348       0x98 ./src/modbus.o
 .debug_aranges
                0x00000000000003e0       0xa8 ./src/oled.o
 .debug_aranges
                0x0000000000000488      0x210 ./src/onewire.o
 .debug_aranges
                0x0000000000000698       0x38 ./src/sensor.o
 .debug_aranges
                0x00000000000006d0       0x98 ./src/storage.o
 .debug_aranges
                0x0000000000000768       0x20 ./src/uid.o
 .debug_aranges
                0x0000000000000788       0x38 ./src/worktime.o
 .debug_aranges
                0x00000000000007c0       0x70 ./StdPeriphDriver/CH58x_adc.o
 .debug_aranges
                0x0000000000000830       0x48 ./StdPeriphDriver/CH58x_gpio.o
 .debug_aranges
                0x0000000000000878       0x88 ./StdPeriphDriver/CH58x_sys.o
 .debug_aranges
                0x0000000000000900       0x38 ./StdPeriphDriver/CH58x_timer0.o
 .debug_aranges
                0x0000000000000938       0x40 ./StdPeriphDriver/CH58x_timer1.o
 .debug_aranges
                0x0000000000000978       0x50 ./StdPeriphDriver/CH58x_uart1.o
 .debug_aranges
                0x00000000000009c8       0x50 ./StdPeriphDriver/CH58x_uart3.o
 .debug_aranges
                0x0000000000000a18       0x30 ./Startup/startup_CH583.o

.debug_ranges   0x0000000000000000     0x1478
 .debug_ranges  0x0000000000000000       0xb0 ./src/utils/crc.o
 .debug_ranges  0x00000000000000b0       0x70 ./src/utils/log.o
 .debug_ranges  0x0000000000000120       0x20 ./src/modbus/coils.o
 .debug_ranges  0x0000000000000140       0x38 ./src/modbus/discrete_input.o
 .debug_ranges  0x0000000000000178       0x50 ./src/modbus/iregs.o
 .debug_ranges  0x00000000000001c8       0x58 ./src/modbus/regs.o
 .debug_ranges  0x0000000000000220       0x20 ./src/Main.o
 .debug_ranges  0x0000000000000240       0x88 ./src/adc.o
 .debug_ranges  0x00000000000002c8       0x10 ./src/appinfo.o
 .debug_ranges  0x00000000000002d8       0x68 ./src/configtool.o
 .debug_ranges  0x0000000000000340       0x38 ./src/display.o
 .debug_ranges  0x0000000000000378      0x6c0 ./src/liblightmodbus-impl.o
 .debug_ranges  0x0000000000000a38      0x130 ./src/modbus.o
 .debug_ranges  0x0000000000000b68       0xe8 ./src/oled.o
 .debug_ranges  0x0000000000000c50      0x350 ./src/onewire.o
 .debug_ranges  0x0000000000000fa0       0x28 ./src/sensor.o
 .debug_ranges  0x0000000000000fc8      0x250 ./src/storage.o
 .debug_ranges  0x0000000000001218       0x10 ./src/uid.o
 .debug_ranges  0x0000000000001228       0x40 ./src/worktime.o
 .debug_ranges  0x0000000000001268       0x60 ./StdPeriphDriver/CH58x_adc.o
 .debug_ranges  0x00000000000012c8       0x38 ./StdPeriphDriver/CH58x_gpio.o
 .debug_ranges  0x0000000000001300       0x78 ./StdPeriphDriver/CH58x_sys.o
 .debug_ranges  0x0000000000001378       0x28 ./StdPeriphDriver/CH58x_timer0.o
 .debug_ranges  0x00000000000013a0       0x30 ./StdPeriphDriver/CH58x_timer1.o
 .debug_ranges  0x00000000000013d0       0x40 ./StdPeriphDriver/CH58x_uart1.o
 .debug_ranges  0x0000000000001410       0x40 ./StdPeriphDriver/CH58x_uart3.o
 .debug_ranges  0x0000000000001450       0x28 ./Startup/startup_CH583.o
